<html>
<body>
<pre>
<h1>µVision Build Log</h1>
<h2>Tool Versions:</h2>
IDE-Version: µVision V5.21.1.0
Copyright (C) 2016 ARM Ltd and ARM Germany GmbH. All rights reserved.
License Information: LeVanChuc_ Nguyen Thi Anh Ly, LeVanChuc_NguyenThiAnhLy, LIC=----
 
Tool Versions:
Toolchain:       MDK-Lite  Version: 5.21a
Toolchain Path:  C:\Keil_v5\ARM\ARMCC\Bin
C Compiler:      Armcc.exe V5.06 update 3 (build 300)
Assembler:       Armasm.exe V5.06 update 3 (build 300)
Linker/Locator:  ArmLink.exe V5.06 update 3 (build 300)
Library Manager: ArmAr.exe V5.06 update 3 (build 300)
Hex Converter:   FromElf.exe V5.06 update 3 (build 300)
CPU DLL:         SARMCM3.DLL V5.21a
Dialog DLL:      DCM.DLL V1.13.8.0
Target DLL:      STLink\ST-LINKIII-KEIL_SWO.dll V2.0.18.0
Dialog DLL:      TCM.DLL V1.14.14.0
 
<h2>Project:</h2>
C:\Users\Nguyen Thi Anh Ly\OneDrive\Le Van Chuc\code\ControlFlight_v4_test_standley_algorithm_UseGPS\Thesis_STM32F4_ControlFlight-master\MDK-ARM-project\crc.uvproj
Project File Date:  11/18/2016

<h2>Output:</h2>
*** Using Compiler 'V5.06 update 3 (build 300)', folder: 'C:\Keil_v5\ARM\ARMCC\Bin'
Build target 'CRC'
compiling fattime.c...
"no source": Error:  #5: cannot open source input file "..\Sd Card\fattime.c": No such file or directory
..\Sd Card\fattime.c: 0 warnings, 1 error
compiling ff.c...
"no source": Error:  #5: cannot open source input file "..\Sd Card\ff.c": No such file or directory
..\Sd Card\ff.c: 0 warnings, 1 error
compiling ccsbcs.c...
"no source": Error:  #5: cannot open source input file "..\Sd Card\option\ccsbcs.c": No such file or directory
..\Sd Card\option\ccsbcs.c: 0 warnings, 1 error
compiling core.c...
..\file.h\LL2UTM.h(18): warning:  #1-D: last line of file ends without a newline
   
..\file.h\ConnectWithGS.h(18): warning:  #1-D: last line of file ends without a newline
   
..\filestmf405.c\core.c(36): warning:  #1215-D: #warning directive: check K_STEER
  #warning check K_STEER
..\filestmf405.c\core.c(219): warning:  #1035-D: single-precision operand implicitly converted to double-precision
  		Gent_Pwm_Yaw(-(*angle) * 0.8 / 90);
..\filestmf405.c\core.c(285): warning:  #1215-D: #warning directive: check wpx==0
  	#warning check wpx==0
..\filestmf405.c\core.c(248): warning:  #177-D: variable "d_min" was declared but never referenced
  	real64_t d_min, d;
..\filestmf405.c\core.c(248): warning:  #177-D: variable "d" was declared but never referenced
  	real64_t d_min, d;
..\filestmf405.c\core.c(322): warning:  #1215-D: #warning directive: check wpx==0
  	#warning check wpx==0
..\filestmf405.c\core.c(327): warning:  #1215-D: #warning directive: delete all lines below	
  #warning delete all lines below	
..\filestmf405.c\core.c(363): warning:  #550-D: variable "pwm_out" was set but never used
      int16_t pwm_out = 0;
..\filestmf405.c\core.c(474): warning:  #1215-D: #warning directive: check delta<0
  	#warning check delta<0
..\filestmf405.c\core.c(477): warning:  #1215-D: #warning directive: check wpx = 0
  	#warning check wpx = 0
..\filestmf405.c\core.c(496): warning:  #1035-D: single-precision operand implicitly converted to double-precision
  		tmp = tmp + 2.0*
I;
..\filestmf405.c\core.c(497): warning:  #1035-D: single-precision operand implicitly converted to double-precision
  	else if (tmp > 1.0*
I)
..\filestmf405.c\core.c(498): warning:  #1035-D: single-precision operand implicitly converted to double-precision
  		tmp = tmp - 2.0*
I;
..\filestmf405.c\core.c(543): warning:  #1215-D: #warning directive: get xp,yp from gps msg
  				#warning get xp,yp from gps msg
..\filestmf405.c\core.c(552): warning:  #167-D: argument of type "volatile real64_t *" is incompatible with parameter of type "double *"
  										&yp, &xp, &UTMLetter);
..\filestmf405.c\core.c(552): warning:  #167-D: argument of type "volatile real64_t *" is incompatible with parameter of type "double *"
  										&yp, &xp, &UTMLetter);
..\filestmf405.c\core.c(622): warning:  #1215-D: #warning directive: neu goc lon thi k nen tat
  					#warning neu goc lon thi k nen tat
..\filestmf405.c\core.c(662): warning:  #167-D: argument of type "volatile real32_t *" is incompatible with parameter of type "real32_t *"
  					steer_set(&steer_angle);
..\filestmf405.c\core.c(187): warning:  #177-D: variable "debug_msg" was declared but never referenced
  static char debug_msg[200];																					
..\filestmf405.c\core.c: 21 warnings, 0 errors
linking...
Program Size: Code=24960 RO-data=1240 RW-data=648 ZI-data=27928  
".\Project\crc.axf" - 0 Error(s), 21 Warning(s).
Build Time Elapsed:  00:00:15
</pre>
</body>
</html>
