Component: ARM Compiler 5.06 update 3 (build 300) Tool: armlink [4d35c9]

==============================================================================

Section Cross References

    startup_stm32f4xx.o(RESET) refers to startup_stm32f4xx.o(STACK) for __initial_sp
    startup_stm32f4xx.o(RESET) refers to startup_stm32f4xx.o(.text) for Reset_Handler
    startup_stm32f4xx.o(RESET) refers to luanvan3-05vs2.o(i.SysTick_Handler) for SysTick_Handler
    startup_stm32f4xx.o(RESET) refers to peripheral05.o(i.EXTI2_IRQHandler) for EXTI2_IRQHandler
    startup_stm32f4xx.o(RESET) refers to connectwithgs.o(i.DMA1_Stream2_IRQHandler) for DMA1_Stream2_IRQHandler
    startup_stm32f4xx.o(RESET) refers to peripheral05.o(i.DMA1_Stream4_IRQHandler) for DMA1_Stream4_IRQHandler
    startup_stm32f4xx.o(RESET) refers to peripheral05.o(i.DMA1_Stream5_IRQHandler) for DMA1_Stream5_IRQHandler
    startup_stm32f4xx.o(RESET) refers to peripheral05.o(i.EXTI9_5_IRQHandler) for EXTI9_5_IRQHandler
    startup_stm32f4xx.o(RESET) refers to peripheral05.o(i.EXTI15_10_IRQHandler) for EXTI15_10_IRQHandler
    startup_stm32f4xx.o(.text) refers to system_stm32f4xx.o(i.SystemInit) for SystemInit
    startup_stm32f4xx.o(.text) refers to entry.o(.ARM.Collect$$$$00000000) for __main
    system_stm32f4xx.o(i.SystemCoreClockUpdate) refers to system_stm32f4xx.o(.data) for .data
    system_stm32f4xx.o(i.SystemInit) refers to system_stm32f4xx.o(i.SetSysClock) for SetSysClock
    stm32f4xx_flash.o(i.FLASH_EraseAllSectors) refers to stm32f4xx_flash.o(i.FLASH_WaitForLastOperation) for FLASH_WaitForLastOperation
    stm32f4xx_flash.o(i.FLASH_EraseSector) refers to stm32f4xx_flash.o(i.FLASH_WaitForLastOperation) for FLASH_WaitForLastOperation
    stm32f4xx_flash.o(i.FLASH_OB_Launch) refers to stm32f4xx_flash.o(i.FLASH_WaitForLastOperation) for FLASH_WaitForLastOperation
    stm32f4xx_flash.o(i.FLASH_OB_RDPConfig) refers to stm32f4xx_flash.o(i.FLASH_WaitForLastOperation) for FLASH_WaitForLastOperation
    stm32f4xx_flash.o(i.FLASH_OB_UserConfig) refers to stm32f4xx_flash.o(i.FLASH_WaitForLastOperation) for FLASH_WaitForLastOperation
    stm32f4xx_flash.o(i.FLASH_OB_WRPConfig) refers to stm32f4xx_flash.o(i.FLASH_WaitForLastOperation) for FLASH_WaitForLastOperation
    stm32f4xx_flash.o(i.FLASH_ProgramByte) refers to stm32f4xx_flash.o(i.FLASH_WaitForLastOperation) for FLASH_WaitForLastOperation
    stm32f4xx_flash.o(i.FLASH_ProgramDoubleWord) refers to stm32f4xx_flash.o(i.FLASH_WaitForLastOperation) for FLASH_WaitForLastOperation
    stm32f4xx_flash.o(i.FLASH_ProgramHalfWord) refers to stm32f4xx_flash.o(i.FLASH_WaitForLastOperation) for FLASH_WaitForLastOperation
    stm32f4xx_flash.o(i.FLASH_ProgramWord) refers to stm32f4xx_flash.o(i.FLASH_WaitForLastOperation) for FLASH_WaitForLastOperation
    stm32f4xx_flash.o(i.FLASH_WaitForLastOperation) refers to stm32f4xx_flash.o(i.FLASH_GetStatus) for FLASH_GetStatus
    stm32f4xx_gpio.o(i.GPIO_DeInit) refers to stm32f4xx_rcc.o(i.RCC_AHB1PeriphResetCmd) for RCC_AHB1PeriphResetCmd
    stm32f4xx_rcc.o(i.RCC_GetClocksFreq) refers to stm32f4xx_rcc.o(.data) for .data
    stm32f4xx_rcc.o(i.RCC_WaitForHSEStartUp) refers to stm32f4xx_rcc.o(i.RCC_GetFlagStatus) for RCC_GetFlagStatus
    stm32f4xx_spi.o(i.SPI_I2S_DeInit) refers to stm32f4xx_rcc.o(i.RCC_APB2PeriphResetCmd) for RCC_APB2PeriphResetCmd
    stm32f4xx_spi.o(i.SPI_I2S_DeInit) refers to stm32f4xx_rcc.o(i.RCC_APB1PeriphResetCmd) for RCC_APB1PeriphResetCmd
    stm32f4xx_tim.o(i.TIM_DeInit) refers to stm32f4xx_rcc.o(i.RCC_APB2PeriphResetCmd) for RCC_APB2PeriphResetCmd
    stm32f4xx_tim.o(i.TIM_DeInit) refers to stm32f4xx_rcc.o(i.RCC_APB1PeriphResetCmd) for RCC_APB1PeriphResetCmd
    stm32f4xx_tim.o(i.TIM_ETRClockMode1Config) refers to stm32f4xx_tim.o(i.TIM_ETRConfig) for TIM_ETRConfig
    stm32f4xx_tim.o(i.TIM_ETRClockMode2Config) refers to stm32f4xx_tim.o(i.TIM_ETRConfig) for TIM_ETRConfig
    stm32f4xx_tim.o(i.TIM_ICInit) refers to stm32f4xx_tim.o(i.TIM_SetIC4Prescaler) for TIM_SetIC4Prescaler
    stm32f4xx_tim.o(i.TIM_ICInit) refers to stm32f4xx_tim.o(i.TI1_Config) for TI1_Config
    stm32f4xx_tim.o(i.TIM_ICInit) refers to stm32f4xx_tim.o(i.TIM_SetIC1Prescaler) for TIM_SetIC1Prescaler
    stm32f4xx_tim.o(i.TIM_ICInit) refers to stm32f4xx_tim.o(i.TI2_Config) for TI2_Config
    stm32f4xx_tim.o(i.TIM_ICInit) refers to stm32f4xx_tim.o(i.TIM_SetIC2Prescaler) for TIM_SetIC2Prescaler
    stm32f4xx_tim.o(i.TIM_ICInit) refers to stm32f4xx_tim.o(i.TIM_SetIC3Prescaler) for TIM_SetIC3Prescaler
    stm32f4xx_tim.o(i.TIM_ITRxExternalClockConfig) refers to stm32f4xx_tim.o(i.TIM_SelectInputTrigger) for TIM_SelectInputTrigger
    stm32f4xx_tim.o(i.TIM_PWMIConfig) refers to stm32f4xx_tim.o(i.TI2_Config) for TI2_Config
    stm32f4xx_tim.o(i.TIM_PWMIConfig) refers to stm32f4xx_tim.o(i.TIM_SetIC2Prescaler) for TIM_SetIC2Prescaler
    stm32f4xx_tim.o(i.TIM_PWMIConfig) refers to stm32f4xx_tim.o(i.TI1_Config) for TI1_Config
[...]
    ../clib/microlib/init/entry.s            0x00000000   Number         0  entry9b.o ABSOLUTE
    ../clib/microlib/init/entry.s            0x00000000   Number         0  entry8b.o ABSOLUTE
    ../clib/microlib/init/entry.s            0x00000000   Number         0  entry8a.o ABSOLUTE
    ../clib/microlib/init/entry.s            0x00000000   Number         0  entry7b.o ABSOLUTE
    ../clib/microlib/init/entry.s            0x00000000   Number         0  entry5.o ABSOLUTE
    ../clib/microlib/longlong.c              0x00000000   Number         0  llushr.o ABSOLUTE
    ../clib/microlib/longlong.c              0x00000000   Number         0  llshl.o ABSOLUTE
    ../clib/microlib/longlong.c              0x00000000   Number         0  llsshr.o ABSOLUTE
    ../clib/microlib/string/strcpy.c         0x00000000   Number         0  strcpy.o ABSOLUTE
    ../clib/microlib/string/strncpy.c        0x00000000   Number         0  strncpy.o ABSOLUTE
    ../clib/microlib/stubs.s                 0x00000000   Number         0  iusefp.o ABSOLUTE
    ../clib/scanf.c                          0x00000000   Number         0  _strtoul.o ABSOLUTE
    ../clib/scanf.c                          0x00000000   Number         0  _sgetc.o ABSOLUTE
    ../clib/scanf.c                          0x00000000   Number         0  scanf_fp.o ABSOLUTE
    ../clib/scanf.c                          0x00000000   Number         0  _chval.o ABSOLUTE
    ../clib/scanf.c                          0x00000000   Number         0  strtod.o ABSOLUTE
    ../clib/scanf.c                          0x00000000   Number         0  strtol.o ABSOLUTE
    ../clib/scanf.c                          0x00000000   Number         0  atoi.o ABSOLUTE
    ../fplib/microlib/d2f.c                  0x00000000   Number         0  d2f.o ABSOLUTE
    ../fplib/microlib/f2d.c                  0x00000000   Number         0  f2d.o ABSOLUTE
    ../fplib/microlib/fpadd.c                0x00000000   Number         0  dadd.o ABSOLUTE
    ../fplib/microlib/fpdiv.c                0x00000000   Number         0  ddiv.o ABSOLUTE
    ../fplib/microlib/fpepilogue.c           0x00000000   Number         0  depilogue.o ABSOLUTE
    ../fplib/microlib/fpepilogue.c           0x00000000   Number         0  fepilogue.o ABSOLUTE
    ../fplib/microlib/fpfix.c                0x00000000   Number         0  dfixui.o ABSOLUTE
    ../fplib/microlib/fpfix.c                0x00000000   Number         0  dfixi.o ABSOLUTE
    ../fplib/microlib/fpflt.c                0x00000000   Number         0  dfltul.o ABSOLUTE
    ../fplib/microlib/fpflt.c                0x00000000   Number         0  dfltui.o ABSOLUTE
    ../fplib/microlib/fpflt.c                0x00000000   Number         0  dflti.o ABSOLUTE
    ../fplib/microlib/fpmul.c                0x00000000   Number         0  dmul.o ABSOLUTE
    ../fplib/microlib/fpneg.c                0x00000000   Number         0  dneg.o ABSOLUTE
    ../fplib/microlib/fpscalb.c              0x00000000   Number         0  dscalb.o ABSOLUTE
    ../fplib/microlib/fpsqrt.c               0x00000000   Number         0  dsqrt.o ABSOLUTE
    ../mathlib/atan.c                        0x00000000   Number         0  atan_x.o ABSOLUTE
    ../mathlib/atan.c                        0x00000000   Number         0  atan.o ABSOLUTE
    ../mathlib/atan2.c                       0x00000000   Number         0  atan2_x.o ABSOLUTE
    ../mathlib/atan2.c                       0x00000000   Number         0  atan2.o ABSOLUTE
    ../mathlib/atanf.c                       0x00000000   Number         0  atanf.o ABSOLUTE
    ../mathlib/atanf.c                       0x00000000   Number         0  atanf_x.o ABSOLUTE
    ../mathlib/atof.c                        0x00000000   Number         0  atof.o ABSOLUTE
    ../mathlib/cos.c                         0x00000000   Number         0  cos_x.o ABSOLUTE
    ../mathlib/cos.c                         0x00000000   Number         0  cos.o ABSOLUTE
    ../mathlib/cos_i.c                       0x00000000   Number         0  cos_i.o ABSOLUTE
    ../mathlib/cosf.c                        0x00000000   Number         0  cosf_x.o ABSOLUTE
    ../mathlib/cosf.c                        0x00000000   Number         0  cosf.o ABSOLUTE
    ../mathlib/dunder.c                      0x00000000   Number         0  dunder.o ABSOLUTE
    ../mathlib/fabs.c                        0x00000000   Number         0  fabs.o ABSOLUTE
    ../mathlib/floor.c                       0x00000000   Number         0  floor.o ABSOLUTE
    ../mathlib/fpclassify.c                  0x00000000   Number         0  fpclassify.o ABSOLUTE
    ../mathlib/fpclassifyf.c                 0x00000000   Number         0  fpclassifyf.o ABSOLUTE
    ../mathlib/funder.c                      0x00000000   Number         0  funder.o ABSOLUTE
    ../mathlib/poly.c                        0x00000000   Number         0  poly.o ABSOLUTE
    ../mathlib/pow.c                         0x00000000   Number         0  pow_x.o ABSOLUTE
    ../mathlib/pow.c                         0x00000000   Number         0  pow.o ABSOLUTE
    ../mathlib/qnan.c                        0x00000000   Number         0  qnan.o ABSOLUTE
    ../mathlib/rred.c                        0x00000000   Number         0  rred.o ABSOLUTE
    ../mathlib/rredf.c                       0x00000000   Number         0  rredf.o ABSOLUTE
    ../mathlib/sin.c                         0x00000000   Number         0  sin.o ABSOLUTE
    ../mathlib/sin.c                         0x00000000   Number         0  sin_x.o ABSOLUTE
    ../mathlib/sin_i.c                       0x00000000   Number         0  sin_i_x.o ABSOLUTE
    ../mathlib/sin_i.c                       0x00000000   Number         0  sin_i.o ABSOLUTE
    ../mathlib/sinf.c                        0x00000000   Number         0  sinf.o ABSOLUTE
    ../mathlib/sinf.c                        0x00000000   Number         0  sinf_x.o ABSOLUTE
    ../mathlib/sqrt.c                        0x00000000   Number         0  sqrt.o ABSOLUTE
    ../mathlib/sqrt.c                        0x00000000   Number         0  sqrt_x.o ABSOLUTE
    ../mathlib/sqrtf.c                       0x00000000   Number         0  sqrtf.o ABSOLUTE
    ../mathlib/sqrtf.c                       0x00000000   Number         0  sqrtf_x.o ABSOLUTE
    ../mathlib/tan.c                         0x00000000   Number         0  tan.o ABSOLUTE
    ../mathlib/tan.c                         0x00000000   Number         0  tan_x.o ABSOLUTE
    ../mathlib/tan_i.c                       0x00000000   Number         0  tan_i.o ABSOLUTE
    ../mathlib/tan_i.c                       0x00000000   Number         0  tan_i_x.o ABSOLUTE
    ..\Sd Card\fattime.c                     0x00000000   Number         0  fattime.o ABSOLUTE
    ..\Sd Card\ff.c                          0x00000000   Number         0  ff.o ABSOLUTE
    ..\Sd Card\option\ccsbcs.c               0x00000000   Number         0  ccsbcs.o ABSOLUTE
    ..\\Sd Card\\fattime.c                   0x00000000   Number         0  fattime.o ABSOLUTE
    ..\\Sd Card\\ff.c                        0x00000000   Number         0  ff.o ABSOLUTE
    ..\\Sd Card\\option\\ccsbcs.c            0x00000000   Number         0  ccsbcs.o ABSOLUTE
    ..\\filestmf405.c\\ConnectWithGS.c       0x00000000   Number         0  connectwithgs.o ABSOLUTE
    ..\\filestmf405.c\\LL2UTM.c              0x00000000   Number         0  ll2utm.o ABSOLUTE
    ..\\filestmf405.c\\core.c                0x00000000   Number         0  core.o ABSOLUTE
    ..\\filestmf405.c\\diskio05.c            0x00000000   Number         0  diskio05.o ABSOLUTE
    ..\\filestmf405.c\\gps.c                 0x00000000   Number         0  gps.o ABSOLUTE
    ..\\filestmf405.c\\luanvan3-05vs2.c      0x00000000   Number         0  luanvan3-05vs2.o ABSOLUTE
    ..\\filestmf405.c\\peripheral05.c        0x00000000   Number         0  peripheral05.o ABSOLUTE
    ..\\filestmf405.c\\pid05.c               0x00000000   Number         0  pid05.o ABSOLUTE
    ..\\filestmf405.c\\powersd05.c           0x00000000   Number         0  powersd05.o ABSOLUTE
    ..\\lib\\src\\misc.c                     0x00000000   Number         0  misc.o ABSOLUTE
    ..\\lib\\src\\stm32f4xx_dma.c            0x00000000   Number         0  stm32f4xx_dma.o ABSOLUTE
    ..\\lib\\src\\stm32f4xx_exti.c           0x00000000   Number         0  stm32f4xx_exti.o ABSOLUTE
    ..\\lib\\src\\stm32f4xx_flash.c          0x00000000   Number         0  stm32f4xx_flash.o ABSOLUTE
    ..\\lib\\src\\stm32f4xx_gpio.c           0x00000000   Number         0  stm32f4xx_gpio.o ABSOLUTE
    ..\\lib\\src\\stm32f4xx_rcc.c            0x00000000   Number         0  stm32f4xx_rcc.o ABSOLUTE
    ..\\lib\\src\\stm32f4xx_spi.c            0x00000000   Number         0  stm32f4xx_spi.o ABSOLUTE
    ..\\lib\\src\\stm32f4xx_syscfg.c         0x00000000   Number         0  stm32f4xx_syscfg.o ABSOLUTE
    ..\\lib\\src\\stm32f4xx_tim.c            0x00000000   Number         0  stm32f4xx_tim.o ABSOLUTE
    ..\\lib\\src\\stm32f4xx_usart.c          0x00000000   Number         0  stm32f4xx_usart.o ABSOLUTE
    ..\\lib\\system_stm32f4xx.c              0x00000000   Number         0  system_stm32f4xx.o ABSOLUTE
    ..\filestmf405.c\ConnectWithGS.c         0x00000000   Number         0  connectwithgs.o ABSOLUTE
    ..\filestmf405.c\LL2UTM.c                0x00000000   Number         0  ll2utm.o ABSOLUTE
    ..\filestmf405.c\core.c                  0x00000000   Number         0  core.o ABSOLUTE
    ..\filestmf405.c\diskio05.c              0x00000000   Number         0  diskio05.o ABSOLUTE
    ..\filestmf405.c\gps.c                   0x00000000   Number         0  gps.o ABSOLUTE
    ..\filestmf405.c\luanvan3-05vs2.c        0x00000000   Number         0  luanvan3-05vs2.o ABSOLUTE
    ..\filestmf405.c\peripheral05.c          0x00000000   Number         0  peripheral05.o ABSOLUTE
    ..\filestmf405.c\pid05.c                 0x00000000   Number         0  pid05.o ABSOLUTE
    ..\filestmf405.c\powersd05.c             0x00000000   Number         0  powersd05.o ABSOLUTE
    ..\lib\src\misc.c                        0x00000000   Number         0  misc.o ABSOLUTE
    ..\lib\src\stm32f4xx_dma.c               0x00000000   Number         0  stm32f4xx_dma.o ABSOLUTE
    ..\lib\src\stm32f4xx_exti.c              0x00000000   Number         0  stm32f4xx_exti.o ABSOLUTE
    ..\lib\src\stm32f4xx_flash.c             0x00000000   Number         0  stm32f4xx_flash.o ABSOLUTE
    ..\lib\src\stm32f4xx_gpio.c              0x00000000   Number         0  stm32f4xx_gpio.o ABSOLUTE
    ..\lib\src\stm32f4xx_rcc.c               0x00000000   Number         0  stm32f4xx_rcc.o ABSOLUTE
    ..\lib\src\stm32f4xx_spi.c               0x00000000   Number         0  stm32f4xx_spi.o ABSOLUTE
    ..\lib\src\stm32f4xx_syscfg.c            0x00000000   Number         0  stm32f4xx_syscfg.o ABSOLUTE
    ..\lib\src\stm32f4xx_tim.c               0x00000000   Number         0  stm32f4xx_tim.o ABSOLUTE
    ..\lib\src\stm32f4xx_usart.c             0x00000000   Number         0  stm32f4xx_usart.o ABSOLUTE
    ..\lib\startup_stm32f4xx.s               0x00000000   Number         0  startup_stm32f4xx.o ABSOLUTE
    ..\lib\system_stm32f4xx.c                0x00000000   Number         0  system_stm32f4xx.o ABSOLUTE
    cdcmple.s                                0x00000000   Number         0  cdcmple.o ABSOLUTE
    cdrcmple.s                               0x00000000   Number         0  cdrcmple.o ABSOLUTE
    dc.s                                     0x00000000   Number         0  dc.o ABSOLUTE
    handlers.s                               0x00000000   Number         0  handlers.o ABSOLUTE
    init.s                                   0x00000000   Number         0  init.o ABSOLUTE
    RESET                                    0x08000000   Section      392  startup_stm32f4xx.o(RESET)
    .ARM.Collect$$$$00000000                 0x08000188   Section        0  entry.o(.ARM.Collect$$$$00000000)
    .ARM.Collect$$$$00000001                 0x08000188   Section        4  entry2.o(.ARM.Collect$$$$00000001)
    .ARM.Collect$$$$00000004                 0x0800018c   Section        4  entry5.o(.ARM.Collect$$$$00000004)
    .ARM.Collect$$$$00000008                 0x08000190   Section        0  entry7b.o(.ARM.Collect$$$$00000008)
    .ARM.Collect$$$$0000000A                 0x08000190   Section        0  entry8b.o(.ARM.Collect$$$$0000000A)
    .ARM.Collect$$$$0000000B                 0x08000190   Section        8  entry9a.o(.ARM.Collect$$$$0000000B)
    .ARM.Collect$$$$0000000D                 0x08000198   Section        0  entry10a.o(.ARM.Collect$$$$0000000D)
    .ARM.Collect$$$$0000000F                 0x08000198   Section        0  entry11a.o(.ARM.Collect$$$$0000000F)
    .ARM.Collect$$$$00002712                 0x08000198   Section        4  entry2.o(.ARM.Collect$$$$00002712)
    __lit__00000000                          0x08000198   Data           4  entry2.o(.ARM.Collect$$$$00002712)
    .text                                    0x0800019c   Section       36  startup_stm32f4xx.o(.text)
    $v0                                      0x0800019c   Number         0  startup_stm32f4xx.o(.text)
    .text                                    0x080001c0   Section        0  strncpy.o(.text)
    .text                                    0x080001d8   Section        0  strcpy.o(.text)
    .text                                    0x080001ea   Section        0  atoi.o(.text)
    .text                                    0x08000204   Section        0  dadd.o(.text)
    .text                                    0x08000352   Section        0  dmul.o(.text)
    .text                                    0x08000436   Section        0  ddiv.o(.text)
    .text                                    0x08000514   Section        0  dflti.o(.text)
    .text                                    0x08000536   Section        0  dfixi.o(.text)
    .text                                    0x08000574   Section        0  dfixui.o(.text)
    .text                                    0x080005a6   Section        0  f2d.o(.text)
    .text                                    0x080005cc   Section       48  cdcmple.o(.text)
    .text                                    0x080005fc   Section       48  cdrcmple.o(.text)
    .text                                    0x0800062c   Section        0  d2f.o(.text)
    .text                                    0x08000664   Section        0  llshl.o(.text)
    .text                                    0x08000682   Section        0  llushr.o(.text)
    .text                                    0x080006a2   Section        0  llsshr.o(.text)
    .text                                    0x080006c8   Section        0  strtod.o(.text)
    _local_sscanf                            0x080006c9   Thumb Code    54  strtod.o(.text)
    .text                                    0x08000764   Section        0  strtol.o(.text)
    .text                                    0x080007d4   Section        0  iusefp.o(.text)
    .text                                    0x080007d4   Section        0  fepilogue.o(.text)
    .text                                    0x08000842   Section        0  depilogue.o(.text)
    .text                                    0x080008fc   Section        0  dscalb.o(.text)
    .text                                    0x0800092a   Section        0  dsqrt.o(.text)
    .text                                    0x080009cc   Section       36  init.o(.text)
    .text                                    0x080009f0   Section        0  ctype_o.o(.text)
    .text                                    0x080009f8   Section        0  isspace_o.o(.text)
    .text                                    0x08000a0c   Section        0  scanf_fp.o(.text)
    _fp_value                                0x08000a0d   Thumb Code   256  scanf_fp.o(.text)
    .text                                    0x08000d44   Section        0  _sgetc.o(.text)
    .text                                    0x08000d84   Section        0  _strtoul.o(.text)
    .text                                    0x08000e22   Section        0  dfltui.o(.text)
    .text                                    0x08000e3c   Section        0  _chval.o(.text)
    .text                                    0x08000e58   Section        0  dfltul.o(.text)
    .text                                    0x08000e70   Section        0  __dczerorl2.o(.text)
    i.Call_Alt_PID                           0x08000ec8   Section        0  pid05.o(i.Call_Alt_PID)
    i.Call_PID_Controller_Angle              0x08000f80   Section        0  pid05.o(i.Call_PID_Controller_Angle)
    i.Call_Pitch_PID                         0x08001048   Section        0  pid05.o(i.Call_Pitch_PID)
    i.Call_Roll_PID                          0x080010a0   Section        0  pid05.o(i.Call_Roll_PID)
    i.Call_Yaw_PID                           0x080011b4   Section        0  pid05.o(i.Call_Yaw_PID)
    i.Configure_PB15_Read_Width_Pulse        0x0800120c   Section        0  peripheral05.o(i.Configure_PB15_Read_Width_Pulse)
    i.DMA1_Stream2_IRQHandler                0x08001280   Section        0  connectwithgs.o(i.DMA1_Stream2_IRQHandler)
    i.DMA1_Stream4_IRQHandler                0x080012e8   Section        0  peripheral05.o(i.DMA1_Stream4_IRQHandler)
    i.DMA1_Stream5_IRQHandler                0x08001310   Section        0  peripheral05.o(i.DMA1_Stream5_IRQHandler)
    i.DMA_ClearITPendingBit                  0x08001320   Section        0  stm32f4xx_dma.o(i.DMA_ClearITPendingBit)
    i.DMA_Cmd                                0x0800134c   Section        0  stm32f4xx_dma.o(i.DMA_Cmd)
    i.DMA_DeInit                             0x08001360   Section        0  stm32f4xx_dma.o(i.DMA_DeInit)
    i.DMA_GetITStatus                        0x08001484   Section        0  stm32f4xx_dma.o(i.DMA_GetITStatus)
    i.DMA_ITConfig                           0x080014d8   Section        0  stm32f4xx_dma.o(i.DMA_ITConfig)
    i.DMA_Init                               0x08001504   Section        0  stm32f4xx_dma.o(i.DMA_Init)
    i.DMA_SetCurrDataCounter                 0x08001558   Section        0  stm32f4xx_dma.o(i.DMA_SetCurrDataCounter)
    i.DMA_UART4_Configuration                0x0800155c   Section        0  peripheral05.o(i.DMA_UART4_Configuration)
    i.DMA_UART4_RX                           0x080015cc   Section        0  peripheral05.o(i.DMA_UART4_RX)
    i.DMA_USART2_Config                      0x08001638   Section        0  peripheral05.o(i.DMA_USART2_Config)
    i.Delay_100ms                            0x080016a0   Section        0  peripheral05.o(i.Delay_100ms)
    i.EXTI15_10_IRQHandler                   0x080016b0   Section        0  peripheral05.o(i.EXTI15_10_IRQHandler)
    i.EXTI2_IRQHandler                       0x080016fc   Section        0  peripheral05.o(i.EXTI2_IRQHandler)
    i.EXTI9_5_IRQHandler                     0x08001744   Section        0  peripheral05.o(i.EXTI9_5_IRQHandler)
    i.EXTI_ClearITPendingBit                 0x080017e0   Section        0  stm32f4xx_exti.o(i.EXTI_ClearITPendingBit)
    i.EXTI_FPGA_Pa8                          0x080017ec   Section        0  peripheral05.o(i.EXTI_FPGA_Pa8)
    i.EXTI_GetITStatus                       0x08001830   Section        0  stm32f4xx_exti.o(i.EXTI_GetITStatus)
    i.EXTI_Init                              0x08001850   Section        0  stm32f4xx_exti.o(i.EXTI_Init)
    i.GPIO_Init                              0x080018c0   Section        0  stm32f4xx_gpio.o(i.GPIO_Init)
    i.GPIO_PinAFConfig                       0x08001962   Section        0  stm32f4xx_gpio.o(i.GPIO_PinAFConfig)
    i.GPIO_ReadInputDataBit                  0x08001982   Section        0  stm32f4xx_gpio.o(i.GPIO_ReadInputDataBit)
    i.GPIO_SetBits                           0x08001990   Section        0  stm32f4xx_gpio.o(i.GPIO_SetBits)
    i.Gent_Pwm_Roll                          0x08001994   Section        0  pid05.o(i.Gent_Pwm_Roll)
    i.Interrupt_uart4_rx                     0x080019e4   Section        0  peripheral05.o(i.Interrupt_uart4_rx)
    i.LatLong2UTM                            0x08001a0c   Section        0  ll2utm.o(i.LatLong2UTM)
    i.MyGPIO_Configuration                   0x080027a4   Section        0  peripheral05.o(i.MyGPIO_Configuration)
    i.MyRCC_Configuration                    0x08002850   Section        0  peripheral05.o(i.MyRCC_Configuration)
    i.MyTIM_PWM_Configuration                0x080028a0   Section        0  peripheral05.o(i.MyTIM_PWM_Configuration)
    i.NVIC_Configuration                     0x080029a4   Section        0  peripheral05.o(i.NVIC_Configuration)
    i.NVIC_Init                              0x080029cc   Section        0  misc.o(i.NVIC_Init)
    i.NVIC_PriorityGroupConfig               0x08002a30   Section        0  misc.o(i.NVIC_PriorityGroupConfig)
    i.PID_Init                               0x08002a44   Section        0  pid05.o(i.PID_Init)
    i.RCC_AHB1PeriphClockCmd                 0x08002ae8   Section        0  stm32f4xx_rcc.o(i.RCC_AHB1PeriphClockCmd)
    i.RCC_AHB1PeriphResetCmd                 0x08002b00   Section        0  stm32f4xx_rcc.o(i.RCC_AHB1PeriphResetCmd)
    i.RCC_APB1PeriphClockCmd                 0x08002b18   Section        0  stm32f4xx_rcc.o(i.RCC_APB1PeriphClockCmd)
    i.RCC_APB2PeriphClockCmd                 0x08002b30   Section        0  stm32f4xx_rcc.o(i.RCC_APB2PeriphClockCmd)
    i.RCC_GetClocksFreq                      0x08002b48   Section        0  stm32f4xx_rcc.o(i.RCC_GetClocksFreq)
    i.SYSCFG_EXTILineConfig                  0x08002bdc   Section        0  stm32f4xx_syscfg.o(i.SYSCFG_EXTILineConfig)
    i.SYSTIM_Timeout                         0x08002c0c   Section        0  gps.o(i.SYSTIM_Timeout)
    i.SetSysClock                            0x08002c2c   Section        0  system_stm32f4xx.o(i.SetSysClock)
    SetSysClock                              0x08002c2d   Thumb Code   162  system_stm32f4xx.o(i.SetSysClock)
    i.SysTick_Handler                        0x08002ce0   Section        0  luanvan3-05vs2.o(i.SysTick_Handler)
    i.SystemInit                             0x08002cf0   Section        0  system_stm32f4xx.o(i.SystemInit)
    i.TIM_ARRPreloadConfig                   0x08002d54   Section        0  stm32f4xx_tim.o(i.TIM_ARRPreloadConfig)
    i.TIM_Cmd                                0x08002d68   Section        0  stm32f4xx_tim.o(i.TIM_Cmd)
    i.TIM_OC1Init                            0x08002d7c   Section        0  stm32f4xx_tim.o(i.TIM_OC1Init)
    i.TIM_OC1PreloadConfig                   0x08002ddc   Section        0  stm32f4xx_tim.o(i.TIM_OC1PreloadConfig)
    i.TIM_OC2Init                            0x08002de8   Section        0  stm32f4xx_tim.o(i.TIM_OC2Init)
    i.TIM_OC2PreloadConfig                   0x08002e68   Section        0  stm32f4xx_tim.o(i.TIM_OC2PreloadConfig)
    i.TIM_OC3Init                            0x08002e7c   Section        0  stm32f4xx_tim.o(i.TIM_OC3Init)
    i.TIM_OC3PreloadConfig                   0x08002ef8   Section        0  stm32f4xx_tim.o(i.TIM_OC3PreloadConfig)
    i.TIM_OC4Init                            0x08002f04   Section        0  stm32f4xx_tim.o(i.TIM_OC4Init)
    i.TIM_OC4PreloadConfig                   0x08002f64   Section        0  stm32f4xx_tim.o(i.TIM_OC4PreloadConfig)
    i.TIM_TimeBaseInit                       0x08002f78   Section        0  stm32f4xx_tim.o(i.TIM_TimeBaseInit)
    i.UART4_Configuration                    0x08002ff4   Section        0  peripheral05.o(i.UART4_Configuration)
    i.USART2_Configuration                   0x08003028   Section        0  peripheral05.o(i.USART2_Configuration)
    i.USART_Cmd                              0x0800305c   Section        0  stm32f4xx_usart.o(i.USART_Cmd)
    i.USART_DMACmd                           0x08003070   Section        0  stm32f4xx_usart.o(i.USART_DMACmd)
    i.USART_Init                             0x08003080   Section        0  stm32f4xx_usart.o(i.USART_Init)
    i.__ARM_fpclassify                       0x0800312c   Section        0  fpclassify.o(i.__ARM_fpclassify)
    i.__aeabi_errno_addr                     0x0800315c   Section        0  errno.o(i.__aeabi_errno_addr)
    i.__hardfp_atan                          0x08003168   Section        0  atan.o(i.__hardfp_atan)
    i.__hardfp_atan2                         0x08003440   Section        0  atan2.o(i.__hardfp_atan2)
    i.__hardfp_atof                          0x08003630   Section        0  atof.o(i.__hardfp_atof)
    i.__hardfp_cos                           0x08003668   Section        0  cos.o(i.__hardfp_cos)
    i.__hardfp_fabs                          0x08003730   Section        0  fabs.o(i.__hardfp_fabs)
    i.__hardfp_floor                         0x08003748   Section        0  floor.o(i.__hardfp_floor)
    i.__hardfp_pow                           0x08003860   Section        0  pow.o(i.__hardfp_pow)
    i.__hardfp_sin                           0x080044b0   Section        0  sin.o(i.__hardfp_sin)
    i.__hardfp_sqrt                          0x08004578   Section        0  sqrt.o(i.__hardfp_sqrt)
    i.__hardfp_tan                           0x080045f8   Section        0  tan.o(i.__hardfp_tan)
    i.__ieee754_rem_pio2                     0x08004678   Section        0  rred.o(i.__ieee754_rem_pio2)
    i.__kernel_cos                           0x08004ab0   Section        0  cos_i.o(i.__kernel_cos)
    i.__kernel_poly                          0x08004c20   Section        0  poly.o(i.__kernel_poly)
    i.__kernel_sin                           0x08004d18   Section        0  sin_i.o(i.__kernel_sin)
    i.__kernel_tan                           0x08004e48   Section        0  tan_i.o(i.__kernel_tan)
    i.__mathlib_dbl_divzero                  0x08005198   Section        0  dunder.o(i.__mathlib_dbl_divzero)
    i.__mathlib_dbl_infnan                   0x080051c8   Section        0  dunder.o(i.__mathlib_dbl_infnan)
    i.__mathlib_dbl_infnan2                  0x080051dc   Section        0  dunder.o(i.__mathlib_dbl_infnan2)
    i.__mathlib_dbl_invalid                  0x080051f0   Section        0  dunder.o(i.__mathlib_dbl_invalid)
    i.__mathlib_dbl_overflow                 0x08005210   Section        0  dunder.o(i.__mathlib_dbl_overflow)
    i.__mathlib_dbl_underflow                0x08005230   Section        0  dunder.o(i.__mathlib_dbl_underflow)
    i.__read_errno                           0x08005250   Section        0  errno.o(i.__read_errno)
    i.__scatterload_copy                     0x0800525c   Section       14  handlers.o(i.__scatterload_copy)
    i.__scatterload_null                     0x0800526a   Section        2  handlers.o(i.__scatterload_null)
    i.__scatterload_zeroinit                 0x0800526c   Section       14  handlers.o(i.__scatterload_zeroinit)
    i.__set_errno                            0x0800527c   Section        0  errno.o(i.__set_errno)
    i._is_digit                              0x08005288   Section        0  scanf_fp.o(i._is_digit)
    i.atan                                   0x08005296   Section        0  atan.o(i.atan)
    i.car_control                            0x080052a8   Section        0  core.o(i.car_control)
    i.fabs                                   0x08005878   Section        0  fabs.o(i.fabs)
    i.get_wp_index                           0x08005890   Section        0  core.o(i.get_wp_index)
    i.gps_getfieldind                        0x08005a14   Section        0  gps.o(i.gps_getfieldind)
    i.gps_init                               0x08005a30   Section        0  gps.o(i.gps_init)
    i.gps_parse                              0x08005aa8   Section        0  gps.o(i.gps_parse)
    i.gps_process                            0x08005cc8   Section        0  gps.o(i.gps_process)
    i.imu_getfieldind                        0x08005f2c   Section        0  gps.o(i.imu_getfieldind)
    i.imu_parse                              0x08005f50   Section        0  gps.o(i.imu_parse)
    i.main                                   0x08006094   Section        0  luanvan3-05vs2.o(i.main)
    i.main_control                           0x080061c4   Section        0  core.o(i.main_control)
    i.receive_data_and_reply                 0x080061c8   Section        0  connectwithgs.o(i.receive_data_and_reply)
    i.sqrt                                   0x080065a4   Section        0  sqrt.o(i.sqrt)
    .constdata                               0x08006618   Section      152  atan.o(.constdata)
    atanhi                                   0x08006618   Data          32  atan.o(.constdata)
    atanlo                                   0x08006638   Data          32  atan.o(.constdata)
    aTodd                                    0x08006658   Data          40  atan.o(.constdata)
    aTeven                                   0x08006680   Data          48  atan.o(.constdata)
    .constdata                               0x080066b0   Section      136  pow.o(.constdata)
    bp                                       0x080066b0   Data          16  pow.o(.constdata)
    dp_h                                     0x080066c0   Data          16  pow.o(.constdata)
    dp_l                                     0x080066d0   Data          16  pow.o(.constdata)
    L                                        0x080066e0   Data          48  pow.o(.constdata)
    P                                        0x08006710   Data          40  pow.o(.constdata)
    .constdata                               0x08006738   Section       48  cos_i.o(.constdata)
    C                                        0x08006738   Data          48  cos_i.o(.constdata)
    .constdata                               0x08006768   Section        8  qnan.o(.constdata)
    .constdata                               0x08006770   Section      200  rred.o(.constdata)
    pio2s                                    0x08006770   Data          48  rred.o(.constdata)
    twooverpi                                0x080067a0   Data         152  rred.o(.constdata)
    .constdata                               0x08006838   Section       40  sin_i.o(.constdata)
    S                                        0x08006838   Data          40  sin_i.o(.constdata)
    .constdata                               0x08006860   Section       96  tan_i.o(.constdata)
    Todd                                     0x08006860   Data          48  tan_i.o(.constdata)
    Teven                                    0x08006890   Data          48  tan_i.o(.constdata)
    .constdata                               0x080068c0   Section      129  ctype_o.o(.constdata)
    .constdata                               0x08006944   Section        4  ctype_o.o(.constdata)
    table                                    0x08006944   Data           4  ctype_o.o(.constdata)
    .data                                    0x20000000   Section       20  system_stm32f4xx.o(.data)
    .data                                    0x20000014   Section       16  stm32f4xx_rcc.o(.data)
    APBAHBPrescTable                         0x20000014   Data          16  stm32f4xx_rcc.o(.data)
    .data                                    0x20000024   Section        8  pid05.o(.data)
    .data                                    0x2000002c   Section        8  luanvan3-05vs2.o(.data)
    .data                                    0x20000034   Section        4  luanvan3-05vs2.o(.data)
    .data                                    0x20000038   Section      496  core.o(.data)
    ctrl_time                                0x2000005c   Data           4  core.o(.data)
    ctrl_state                               0x20000060   Data           4  core.o(.data)
    p_0                                      0x20000064   Data           4  core.o(.data)
    p_1                                      0x20000068   Data           4  core.o(.data)
    u                                        0x2000006c   Data           4  core.o(.data)
    e_0                                      0x20000070   Data           4  core.o(.data)
    e_1                                      0x20000074   Data           4  core.o(.data)
    Ppart                                    0x20000078   Data           4  core.o(.data)
    Ipart                                    0x2000007c   Data           4  core.o(.data)
    Dpart                                    0x20000080   Data           4  core.o(.data)
    DT                                       0x20000084   Data           4  core.o(.data)
    wp_idx                                   0x20000090   Data           4  core.o(.data)
    cteI                                     0x200000a0   Data           8  core.o(.data)
    offset_x                                 0x200000c0   Data           8  core.o(.data)
    offset_y                                 0x200000c8   Data           8  core.o(.data)
    wpx1                                     0x200000d0   Data           8  core.o(.data)
    wpx2                                     0x200000d8   Data           8  core.o(.data)
    wpy1                                     0x200000e0   Data           8  core.o(.data)
    wpy2                                     0x200000e8   Data           8  core.o(.data)
    wpx                                      0x200000f0   Data           8  core.o(.data)
    wpy                                      0x200000f8   Data           8  core.o(.data)
    wpxy                                     0x20000100   Data           8  core.o(.data)
    inv_dist_wp                              0x20000108   Data           8  core.o(.data)
    slope                                    0x20000110   Data           8  core.o(.data)
    m                                        0x20000118   Data           8  core.o(.data)
    c                                        0x20000120   Data           8  core.o(.data)
    .data                                    0x20000228   Section       32  ll2utm.o(.data)
    .data                                    0x20000248   Section       36  gps.o(.data)
    gps_time_tick                            0x20000250   Data           4  gps.o(.data)
    GPSWrInd_1                               0x20000254   Data           4  gps.o(.data)
    start_ind                                0x20000258   Data           4  gps.o(.data)
    end_ind                                  0x2000025c   Data           4  gps.o(.data)
    state                                    0x20000260   Data           4  gps.o(.data)
    .data                                    0x2000026c   Section        4  connectwithgs.o(.data)
    .data                                    0x20000270   Section        4  errno.o(.data)
    _errno                                   0x20000270   Data           4  errno.o(.data)
    .bss                                     0x20000274   Section      320  pid05.o(.bss)
    .bss                                     0x200003b4   Section      500  luanvan3-05vs2.o(.bss)
    .bss                                     0x200005a8   Section      750  luanvan3-05vs2.o(.bss)
    .bss                                     0x20000898   Section      208  ll2utm.o(.bss)
    .bss                                     0x20000968   Section     1337  gps.o(.bss)
    field_ind                                0x20000968   Data          20  gps.o(.bss)
    field_ind                                0x2000097c   Data          20  gps.o(.bss)
    .bss                                     0x20000ea8   Section      224  connectwithgs.o(.bss)
    STACK                                    0x20000f88   Section    24576  startup_stm32f4xx.o(STACK)

    Global Symbols

    Symbol Name                              Value     Ov Type        Size  Object(Section)

    BuildAttributes$$THM_ISAv4$E$P$D$K$B$S$7EM$VFPi3$EXTD16$VFPS$VFMA$PE$A:L22UL41UL21$X:L11$S22US41US21$IEEE1$IW$USESV6$~STKCKD$USESV7$~SHL$OTIME$ROPI$IEEEX$EBA8$MICROLIB$REQ8$PRES8$EABIv2 0x00000000   Number         0  anon$$obj.o ABSOLUTE
    __ARM_use_no_argv                        0x00000000   Number         0  luanvan3-05vs2.o ABSOLUTE
    __cpp_initialize__aeabi_                  - Undefined Weak Reference
    __cxa_finalize                            - Undefined Weak Reference
    _clock_init                               - Undefined Weak Reference
    _microlib_exit                            - Undefined Weak Reference
    __Vectors_Size                           0x00000188   Number         0  startup_stm32f4xx.o ABSOLUTE
    __Vectors                                0x08000000   Data           4  startup_stm32f4xx.o(RESET)
    __Vectors_End                            0x08000188   Data           0  startup_stm32f4xx.o(RESET)
    __main                                   0x08000189   Thumb Code     0  entry.o(.ARM.Collect$$$$00000000)
    _main_stk                                0x08000189   Thumb Code     0  entry2.o(.ARM.Collect$$$$00000001)
    _main_scatterload                        0x0800018d   Thumb Code     0  entry5.o(.ARM.Collect$$$$00000004)
    __main_after_scatterload                 0x08000191   Thumb Code     0  entry5.o(.ARM.Collect$$$$00000004)
    _main_clock                              0x08000191   Thumb Code     0  entry7b.o(.ARM.Collect$$$$00000008)
    _main_cpp_init                           0x08000191   Thumb Code     0  entry8b.o(.ARM.Collect$$$$0000000A)
    _main_init                               0x08000191   Thumb Code     0  entry9a.o(.ARM.Collect$$$$0000000B)
    __rt_final_cpp                           0x08000199   Thumb Code     0  entry10a.o(.ARM.Collect$$$$0000000D)
    __rt_final_exit                          0x08000199   Thumb Code     0  entry11a.o(.ARM.Collect$$$$0000000F)
    Reset_Handler                            0x0800019d   Thumb Code     8  startup_stm32f4xx.o(.text)
    NMI_Handler                              0x080001a5   Thumb Code     2  startup_stm32f4xx.o(.text)
    HardFault_Handler                        0x080001a7   Thumb Code     2  startup_stm32f4xx.o(.text)
    MemManage_Handler                        0x080001a9   Thumb Code     2  startup_stm32f4xx.o(.text)
    BusFault_Handler                         0x080001ab   Thumb Code     2  startup_stm32f4xx.o(.text)
    UsageFault_Handler                       0x080001ad   Thumb Code     2  startup_stm32f4xx.o(.text)
    SVC_Handler                              0x080001af   Thumb Code     2  startup_stm32f4xx.o(.text)
    DebugMon_Handler                         0x080001b1   Thumb Code     2  startup_stm32f4xx.o(.text)
    PendSV_Handler                           0x080001b3   Thumb Code     2  startup_stm32f4xx.o(.text)
    ADC_IRQHandler                           0x080001b7   Thumb Code     0  startup_stm32f4xx.o(.text)
    CAN1_RX0_IRQHandler                      0x080001b7   Thumb Code     0  startup_stm32f4xx.o(.text)
    CAN1_RX1_IRQHandler                      0x080001b7   Thumb Code     0  startup_stm32f4xx.o(.text)
    CAN1_SCE_IRQHandler                      0x080001b7   Thumb Code     0  startup_stm32f4xx.o(.text)
    CAN1_TX_IRQHandler                       0x080001b7   Thumb Code     0  startup_stm32f4xx.o(.text)
    CAN2_RX0_IRQHandler                      0x080001b7   Thumb Code     0  startup_stm32f4xx.o(.text)
    CAN2_RX1_IRQHandler                      0x080001b7   Thumb Code     0  startup_stm32f4xx.o(.text)
    CAN2_SCE_IRQHandler                      0x080001b7   Thumb Code     0  startup_stm32f4xx.o(.text)
    CAN2_TX_IRQHandler                       0x080001b7   Thumb Code     0  startup_stm32f4xx.o(.text)
    CRYP_IRQHandler                          0x080001b7   Thumb Code     0  startup_stm32f4xx.o(.text)
    DCMI_IRQHandler                          0x080001b7   Thumb Code     0  startup_stm32f4xx.o(.text)
    DMA1_Stream0_IRQHandler                  0x080001b7   Thumb Code     0  startup_stm32f4xx.o(.text)
    DMA1_Stream1_IRQHandler                  0x080001b7   Thumb Code     0  startup_stm32f4xx.o(.text)
    DMA1_Stream3_IRQHandler                  0x080001b7   Thumb Code     0  startup_stm32f4xx.o(.text)
    DMA1_Stream6_IRQHandler                  0x080001b7   Thumb Code     0  startup_stm32f4xx.o(.text)
    DMA1_Stream7_IRQHandler                  0x080001b7   Thumb Code     0  startup_stm32f4xx.o(.text)
    DMA2_Stream0_IRQHandler                  0x080001b7   Thumb Code     0  startup_stm32f4xx.o(.text)
    DMA2_Stream1_IRQHandler                  0x080001b7   Thumb Code     0  startup_stm32f4xx.o(.text)
    DMA2_Stream2_IRQHandler                  0x080001b7   Thumb Code     0  startup_stm32f4xx.o(.text)
    DMA2_Stream3_IRQHandler                  0x080001b7   Thumb Code     0  startup_stm32f4xx.o(.text)
    DMA2_Stream4_IRQHandler                  0x080001b7   Thumb Code     0  startup_stm32f4xx.o(.text)
    DMA2_Stream5_IRQHandler                  0x080001b7   Thumb Code     0  startup_stm32f4xx.o(.text)
    DMA2_Stream6_IRQHandler                  0x080001b7   Thumb Code     0  startup_stm32f4xx.o(.text)
    DMA2_Stream7_IRQHandler                  0x080001b7   Thumb Code     0  startup_stm32f4xx.o(.text)
    ETH_IRQHandler                           0x080001b7   Thumb Code     0  startup_stm32f4xx.o(.text)
    ETH_WKUP_IRQHandler                      0x080001b7   Thumb Code     0  startup_stm32f4xx.o(.text)
    EXTI0_IRQHandler                         0x080001b7   Thumb Code     0  startup_stm32f4xx.o(.text)
    EXTI1_IRQHandler                         0x080001b7   Thumb Code     0  startup_stm32f4xx.o(.text)
    EXTI3_IRQHandler                         0x080001b7   Thumb Code     0  startup_stm32f4xx.o(.text)
    EXTI4_IRQHandler                         0x080001b7   Thumb Code     0  startup_stm32f4xx.o(.text)
    FLASH_IRQHandler                         0x080001b7   Thumb Code     0  startup_stm32f4xx.o(.text)
    FPU_IRQHandler                           0x080001b7   Thumb Code     0  startup_stm32f4xx.o(.text)
    FSMC_IRQHandler                          0x080001b7   Thumb Code     0  startup_stm32f4xx.o(.text)
    HASH_RNG_IRQHandler                      0x080001b7   Thumb Code     0  startup_stm32f4xx.o(.text)
    I2C1_ER_IRQHandler                       0x080001b7   Thumb Code     0  startup_stm32f4xx.o(.text)
    I2C1_EV_IRQHandler                       0x080001b7   Thumb Code     0  startup_stm32f4xx.o(.text)
    I2C2_ER_IRQHandler                       0x080001b7   Thumb Code     0  startup_stm32f4xx.o(.text)
    I2C2_EV_IRQHandler                       0x080001b7   Thumb Code     0  startup_stm32f4xx.o(.text)
    I2C3_ER_IRQHandler                       0x080001b7   Thumb Code     0  startup_stm32f4xx.o(.text)
    I2C3_EV_IRQHandler                       0x080001b7   Thumb Code     0  startup_stm32f4xx.o(.text)
    OTG_FS_IRQHandler                        0x080001b7   Thumb Code     0  startup_stm32f4xx.o(.text)
    OTG_FS_WKUP_IRQHandler                   0x080001b7   Thumb Code     0  startup_stm32f4xx.o(.text)
    OTG_HS_EP1_IN_IRQHandler                 0x080001b7   Thumb Code     0  startup_stm32f4xx.o(.text)
    OTG_HS_EP1_OUT_IRQHandler                0x080001b7   Thumb Code     0  startup_stm32f4xx.o(.text)
    OTG_HS_IRQHandler                        0x080001b7   Thumb Code     0  startup_stm32f4xx.o(.text)
    OTG_HS_WKUP_IRQHandler                   0x080001b7   Thumb Code     0  startup_stm32f4xx.o(.text)
    PVD_IRQHandler                           0x080001b7   Thumb Code     0  startup_stm32f4xx.o(.text)
    RCC_IRQHandler                           0x080001b7   Thumb Code     0  startup_stm32f4xx.o(.text)
    RTC_Alarm_IRQHandler                     0x080001b7   Thumb Code     0  startup_stm32f4xx.o(.text)
    RTC_WKUP_IRQHandler                      0x080001b7   Thumb Code     0  startup_stm32f4xx.o(.text)
    SDIO_IRQHandler                          0x080001b7   Thumb Code     0  startup_stm32f4xx.o(.text)
    SPI1_IRQHandler                          0x080001b7   Thumb Code     0  startup_stm32f4xx.o(.text)
    SPI2_IRQHandler                          0x080001b7   Thumb Code     0  startup_stm32f4xx.o(.text)
    SPI3_IRQHandler                          0x080001b7   Thumb Code     0  startup_stm32f4xx.o(.text)
    TAMP_STAMP_IRQHandler                    0x080001b7   Thumb Code     0  startup_stm32f4xx.o(.text)
    TIM1_BRK_TIM9_IRQHandler                 0x080001b7   Thumb Code     0  startup_stm32f4xx.o(.text)
    TIM1_CC_IRQHandler                       0x080001b7   Thumb Code     0  startup_stm32f4xx.o(.text)
    TIM1_TRG_COM_TIM11_IRQHandler            0x080001b7   Thumb Code     0  startup_stm32f4xx.o(.text)
    TIM1_UP_TIM10_IRQHandler                 0x080001b7   Thumb Code     0  startup_stm32f4xx.o(.text)
    TIM2_IRQHandler                          0x080001b7   Thumb Code     0  startup_stm32f4xx.o(.text)
    TIM3_IRQHandler                          0x080001b7   Thumb Code     0  startup_stm32f4xx.o(.text)
    TIM4_IRQHandler                          0x080001b7   Thumb Code     0  startup_stm32f4xx.o(.text)
    TIM5_IRQHandler                          0x080001b7   Thumb Code     0  startup_stm32f4xx.o(.text)
    TIM6_DAC_IRQHandler                      0x080001b7   Thumb Code     0  startup_stm32f4xx.o(.text)
    TIM7_IRQHandler                          0x080001b7   Thumb Code     0  startup_stm32f4xx.o(.text)
    TIM8_BRK_TIM12_IRQHandler                0x080001b7   Thumb Code     0  startup_stm32f4xx.o(.text)
    TIM8_CC_IRQHandler                       0x080001b7   Thumb Code     0  startup_stm32f4xx.o(.text)
    TIM8_TRG_COM_TIM14_IRQHandler            0x080001b7   Thumb Code     0  startup_stm32f4xx.o(.text)
    TIM8_UP_TIM13_IRQHandler                 0x080001b7   Thumb Code     0  startup_stm32f4xx.o(.text)
    UART4_IRQHandler                         0x080001b7   Thumb Code     0  startup_stm32f4xx.o(.text)
    UART5_IRQHandler                         0x080001b7   Thumb Code     0  startup_stm32f4xx.o(.text)
    USART1_IRQHandler                        0x080001b7   Thumb Code     0  startup_stm32f4xx.o(.text)
    USART2_IRQHandler                        0x080001b7   Thumb Code     0  startup_stm32f4xx.o(.text)
    USART3_IRQHandler                        0x080001b7   Thumb Code     0  startup_stm32f4xx.o(.text)
    USART6_IRQHandler                        0x080001b7   Thumb Code     0  startup_stm32f4xx.o(.text)
    WWDG_IRQHandler                          0x080001b7   Thumb Code     0  startup_stm32f4xx.o(.text)
    strncpy                                  0x080001c1   Thumb Code    24  strncpy.o(.text)
    strcpy                                   0x080001d9   Thumb Code    18  strcpy.o(.text)
    atoi                                     0x080001eb   Thumb Code    26  atoi.o(.text)
    __aeabi_dadd                             0x08000205   Thumb Code   322  dadd.o(.text)
    __aeabi_dsub                             0x08000347   Thumb Code     6  dadd.o(.text)
    __aeabi_drsub                            0x0800034d   Thumb Code     6  dadd.o(.text)
    __aeabi_dmul                             0x08000353   Thumb Code   228  dmul.o(.text)
    __aeabi_ddiv                             0x08000437   Thumb Code   222  ddiv.o(.text)
    __aeabi_i2d                              0x08000515   Thumb Code    34  dflti.o(.text)
    __aeabi_d2iz                             0x08000537   Thumb Code    62  dfixi.o(.text)
    __aeabi_d2uiz                            0x08000575   Thumb Code    50  dfixui.o(.text)
    __aeabi_f2d                              0x080005a7   Thumb Code    38  f2d.o(.text)
    __aeabi_cdcmpeq                          0x080005cd   Thumb Code     0  cdcmple.o(.text)
    __aeabi_cdcmple                          0x080005cd   Thumb Code    48  cdcmple.o(.text)
    __aeabi_cdrcmple                         0x080005fd   Thumb Code    48  cdrcmple.o(.text)
    __aeabi_d2f                              0x0800062d   Thumb Code    56  d2f.o(.text)
    __aeabi_llsl                             0x08000665   Thumb Code    30  llshl.o(.text)
    _ll_shift_l                              0x08000665   Thumb Code     0  llshl.o(.text)
    __aeabi_llsr                             0x08000683   Thumb Code    32  llushr.o(.text)
    _ll_ushift_r                             0x08000683   Thumb Code     0  llushr.o(.text)
    __aeabi_lasr                             0x080006a3   Thumb Code    36  llsshr.o(.text)
    _ll_sshift_r                             0x080006a3   Thumb Code     0  llsshr.o(.text)
    __strtod_int                             0x080006ff   Thumb Code    90  strtod.o(.text)
    strtol                                   0x08000765   Thumb Code   112  strtol.o(.text)
    __I$use$fp                               0x080007d5   Thumb Code     0  iusefp.o(.text)
    _float_round                             0x080007d5   Thumb Code    18  fepilogue.o(.text)
    _float_epilogue                          0x080007e7   Thumb Code    92  fepilogue.o(.text)
    _double_round                            0x08000843   Thumb Code    30  depilogue.o(.text)
    _double_epilogue                         0x08000861   Thumb Code   156  depilogue.o(.text)
    __ARM_scalbn                             0x080008fd   Thumb Code    46  dscalb.o(.text)
    scalbn                                   0x080008fd   Thumb Code     0  dscalb.o(.text)
    _dsqrt                                   0x0800092b   Thumb Code   162  dsqrt.o(.text)
    __scatterload                            0x080009cd   Thumb Code    28  init.o(.text)
    __scatterload_rt2                        0x080009cd   Thumb Code     0  init.o(.text)
    __rt_ctype_table                         0x080009f1   Thumb Code     4  ctype_o.o(.text)
    isspace                                  0x080009f9   Thumb Code    18  isspace_o.o(.text)
    _scanf_real                              0x08000b0d   Thumb Code     0  scanf_fp.o(.text)
    _scanf_really_real                       0x08000b0d   Thumb Code   556  scanf_fp.o(.text)
    _sgetc                                   0x08000d45   Thumb Code    30  _sgetc.o(.text)
    _sbackspace                              0x08000d63   Thumb Code    34  _sgetc.o(.text)
    _strtoul                                 0x08000d85   Thumb Code   158  _strtoul.o(.text)
    __aeabi_ui2d                             0x08000e23   Thumb Code    26  dfltui.o(.text)
    _chval                                   0x08000e3d   Thumb Code    28  _chval.o(.text)
    __aeabi_ul2d                             0x08000e59   Thumb Code    24  dfltul.o(.text)
    __decompress                             0x08000e71   Thumb Code     0  __dczerorl2.o(.text)
    __decompress1                            0x08000e71   Thumb Code    86  __dczerorl2.o(.text)
    Call_Alt_PID                             0x08000ec9   Thumb Code   148  pid05.o(i.Call_Alt_PID)
    Call_PID_Controller_Angle                0x08000f81   Thumb Code   174  pid05.o(i.Call_PID_Controller_Angle)
    Call_Pitch_PID                           0x08001049   Thumb Code    64  pid05.o(i.Call_Pitch_PID)
    Call_Roll_PID                            0x080010a1   Thumb Code   238  pid05.o(i.Call_Roll_PID)
    Call_Yaw_PID                             0x080011b5   Thumb Code    64  pid05.o(i.Call_Yaw_PID)
    Configure_PB15_Read_Width_Pulse          0x0800120d   Thumb Code   112  peripheral05.o(i.Configure_PB15_Read_Width_Pulse)
    DMA1_Stream2_IRQHandler                  0x08001281   Thumb Code    74  connectwithgs.o(i.DMA1_Stream2_IRQHandler)
    DMA1_Stream4_IRQHandler                  0x080012e9   Thumb Code    32  peripheral05.o(i.DMA1_Stream4_IRQHandler)
    DMA1_Stream5_IRQHandler                  0x08001311   Thumb Code     8  peripheral05.o(i.DMA1_Stream5_IRQHandler)
    DMA_ClearITPendingBit                    0x08001321   Thumb Code    32  stm32f4xx_dma.o(i.DMA_ClearITPendingBit)
    DMA_Cmd                                  0x0800134d   Thumb Code    20  stm32f4xx_dma.o(i.DMA_Cmd)
    DMA_DeInit                               0x08001361   Thumb Code   272  stm32f4xx_dma.o(i.DMA_DeInit)
    DMA_GetITStatus                          0x08001485   Thumb Code    68  stm32f4xx_dma.o(i.DMA_GetITStatus)
    DMA_ITConfig                             0x080014d9   Thumb Code    44  stm32f4xx_dma.o(i.DMA_ITConfig)
    DMA_Init                                 0x08001505   Thumb Code    80  stm32f4xx_dma.o(i.DMA_Init)
    DMA_SetCurrDataCounter                   0x08001559   Thumb Code     4  stm32f4xx_dma.o(i.DMA_SetCurrDataCounter)
    DMA_UART4_Configuration                  0x0800155d   Thumb Code   104  peripheral05.o(i.DMA_UART4_Configuration)
    DMA_UART4_RX                             0x080015cd   Thumb Code   100  peripheral05.o(i.DMA_UART4_RX)
    DMA_USART2_Config                        0x08001639   Thumb Code    96  peripheral05.o(i.DMA_USART2_Config)
    Delay_100ms                              0x080016a1   Thumb Code    12  peripheral05.o(i.Delay_100ms)
    EXTI15_10_IRQHandler                     0x080016b1   Thumb Code    64  peripheral05.o(i.EXTI15_10_IRQHandler)
    EXTI2_IRQHandler                         0x080016fd   Thumb Code    58  peripheral05.o(i.EXTI2_IRQHandler)
    EXTI9_5_IRQHandler                       0x08001745   Thumb Code   128  peripheral05.o(i.EXTI9_5_IRQHandler)
    EXTI_ClearITPendingBit                   0x080017e1   Thumb Code     6  stm32f4xx_exti.o(i.EXTI_ClearITPendingBit)
    EXTI_FPGA_Pa8                            0x080017ed   Thumb Code    66  peripheral05.o(i.EXTI_FPGA_Pa8)
    EXTI_GetITStatus                         0x08001831   Thumb Code    28  stm32f4xx_exti.o(i.EXTI_GetITStatus)
    EXTI_Init                                0x08001851   Thumb Code   108  stm32f4xx_exti.o(i.EXTI_Init)
    GPIO_Init                                0x080018c1   Thumb Code   162  stm32f4xx_gpio.o(i.GPIO_Init)
    GPIO_PinAFConfig                         0x08001963   Thumb Code    32  stm32f4xx_gpio.o(i.GPIO_PinAFConfig)
    GPIO_ReadInputDataBit                    0x08001983   Thumb Code    14  stm32f4xx_gpio.o(i.GPIO_ReadInputDataBit)
    GPIO_SetBits                             0x08001991   Thumb Code     4  stm32f4xx_gpio.o(i.GPIO_SetBits)
    Gent_Pwm_Roll                            0x08001995   Thumb Code    64  pid05.o(i.Gent_Pwm_Roll)
    Interrupt_uart4_rx                       0x080019e5   Thumb Code    40  peripheral05.o(i.Interrupt_uart4_rx)
    LatLong2UTM                              0x08001a0d   Thumb Code  3344  ll2utm.o(i.LatLong2UTM)
    MyGPIO_Configuration                     0x080027a5   Thumb Code   162  peripheral05.o(i.MyGPIO_Configuration)
    MyRCC_Configuration                      0x08002851   Thumb Code    78  peripheral05.o(i.MyRCC_Configuration)
    MyTIM_PWM_Configuration                  0x080028a1   Thumb Code   252  peripheral05.o(i.MyTIM_PWM_Configuration)
    NVIC_Configuration                       0x080029a5   Thumb Code    40  peripheral05.o(i.NVIC_Configuration)
    NVIC_Init                                0x080029cd   Thumb Code    96  misc.o(i.NVIC_Init)
    NVIC_PriorityGroupConfig                 0x08002a31   Thumb Code    10  misc.o(i.NVIC_PriorityGroupConfig)
    PID_Init                                 0x08002a45   Thumb Code   136  pid05.o(i.PID_Init)
    RCC_AHB1PeriphClockCmd                   0x08002ae9   Thumb Code    18  stm32f4xx_rcc.o(i.RCC_AHB1PeriphClockCmd)
    RCC_AHB1PeriphResetCmd                   0x08002b01   Thumb Code    18  stm32f4xx_rcc.o(i.RCC_AHB1PeriphResetCmd)
    RCC_APB1PeriphClockCmd                   0x08002b19   Thumb Code    18  stm32f4xx_rcc.o(i.RCC_APB1PeriphClockCmd)
    RCC_APB2PeriphClockCmd                   0x08002b31   Thumb Code    18  stm32f4xx_rcc.o(i.RCC_APB2PeriphClockCmd)
    RCC_GetClocksFreq                        0x08002b49   Thumb Code   132  stm32f4xx_rcc.o(i.RCC_GetClocksFreq)
    SYSCFG_EXTILineConfig                    0x08002bdd   Thumb Code    42  stm32f4xx_syscfg.o(i.SYSCFG_EXTILineConfig)
    SYSTIM_Timeout                           0x08002c0d   Thumb Code    28  gps.o(i.SYSTIM_Timeout)
    SysTick_Handler                          0x08002ce1   Thumb Code    10  luanvan3-05vs2.o(i.SysTick_Handler)
    SystemInit                               0x08002cf1   Thumb Code    82  system_stm32f4xx.o(i.SystemInit)
    TIM_ARRPreloadConfig                     0x08002d55   Thumb Code    20  stm32f4xx_tim.o(i.TIM_ARRPreloadConfig)
    TIM_Cmd                                  0x08002d69   Thumb Code    20  stm32f4xx_tim.o(i.TIM_Cmd)
    TIM_OC1Init                              0x08002d7d   Thumb Code    88  stm32f4xx_tim.o(i.TIM_OC1Init)
    TIM_OC1PreloadConfig                     0x08002ddd   Thumb Code    12  stm32f4xx_tim.o(i.TIM_OC1PreloadConfig)
    TIM_OC2Init                              0x08002de9   Thumb Code   120  stm32f4xx_tim.o(i.TIM_OC2Init)
    TIM_OC2PreloadConfig                     0x08002e69   Thumb Code    20  stm32f4xx_tim.o(i.TIM_OC2PreloadConfig)
    TIM_OC3Init                              0x08002e7d   Thumb Code   116  stm32f4xx_tim.o(i.TIM_OC3Init)
    TIM_OC3PreloadConfig                     0x08002ef9   Thumb Code    12  stm32f4xx_tim.o(i.TIM_OC3PreloadConfig)
    TIM_OC4Init                              0x08002f05   Thumb Code    88  stm32f4xx_tim.o(i.TIM_OC4Init)
    TIM_OC4PreloadConfig                     0x08002f65   Thumb Code    20  stm32f4xx_tim.o(i.TIM_OC4PreloadConfig)
    TIM_TimeBaseInit                         0x08002f79   Thumb Code    96  stm32f4xx_tim.o(i.TIM_TimeBaseInit)
    UART4_Configuration                      0x08002ff5   Thumb Code    48  peripheral05.o(i.UART4_Configuration)
    USART2_Configuration                     0x08003029   Thumb Code    48  peripheral05.o(i.USART2_Configuration)
    USART_Cmd                                0x0800305d   Thumb Code    20  stm32f4xx_usart.o(i.USART_Cmd)
    USART_DMACmd                             0x08003071   Thumb Code    16  stm32f4xx_usart.o(i.USART_DMACmd)
    USART_Init                               0x08003081   Thumb Code   164  stm32f4xx_usart.o(i.USART_Init)
    __ARM_fpclassify                         0x0800312d   Thumb Code    48  fpclassify.o(i.__ARM_fpclassify)
    __aeabi_errno_addr                       0x0800315d   Thumb Code     4  errno.o(i.__aeabi_errno_addr)
    __rt_errno_addr                          0x0800315d   Thumb Code     0  errno.o(i.__aeabi_errno_addr)
    __hardfp_atan                            0x08003169   Thumb Code   622  atan.o(i.__hardfp_atan)
    __hardfp_atan2                           0x08003441   Thumb Code   432  atan2.o(i.__hardfp_atan2)
    __hardfp_atof                            0x08003631   Thumb Code    44  atof.o(i.__hardfp_atof)
    __hardfp_cos                             0x08003669   Thumb Code   180  cos.o(i.__hardfp_cos)
    __hardfp_fabs                            0x08003731   Thumb Code    20  fabs.o(i.__hardfp_fabs)
    __hardfp_floor                           0x08003749   Thumb Code   252  floor.o(i.__hardfp_floor)
    __hardfp_pow                             0x08003861   Thumb Code  3072  pow.o(i.__hardfp_pow)
    __hardfp_sin                             0x080044b1   Thumb Code   180  sin.o(i.__hardfp_sin)
    __hardfp_sqrt                            0x08004579   Thumb Code   122  sqrt.o(i.__hardfp_sqrt)
    __hardfp_tan                             0x080045f9   Thumb Code   108  tan.o(i.__hardfp_tan)
    __ieee754_rem_pio2                       0x08004679   Thumb Code   938  rred.o(i.__ieee754_rem_pio2)
    __kernel_cos                             0x08004ab1   Thumb Code   322  cos_i.o(i.__kernel_cos)
    __kernel_poly                            0x08004c21   Thumb Code   248  poly.o(i.__kernel_poly)
    __kernel_sin                             0x08004d19   Thumb Code   280  sin_i.o(i.__kernel_sin)
    __kernel_tan                             0x08004e49   Thumb Code   764  tan_i.o(i.__kernel_tan)
    __mathlib_dbl_divzero                    0x08005199   Thumb Code    28  dunder.o(i.__mathlib_dbl_divzero)
    __mathlib_dbl_infnan                     0x080051c9   Thumb Code    20  dunder.o(i.__mathlib_dbl_infnan)
    __mathlib_dbl_infnan2                    0x080051dd   Thumb Code    20  dunder.o(i.__mathlib_dbl_infnan2)
    __mathlib_dbl_invalid                    0x080051f1   Thumb Code    24  dunder.o(i.__mathlib_dbl_invalid)
    __mathlib_dbl_overflow                   0x08005211   Thumb Code    24  dunder.o(i.__mathlib_dbl_overflow)
    __mathlib_dbl_underflow                  0x08005231   Thumb Code    24  dunder.o(i.__mathlib_dbl_underflow)
    __read_errno                             0x08005251   Thumb Code     6  errno.o(i.__read_errno)
    __scatterload_copy                       0x0800525d   Thumb Code    14  handlers.o(i.__scatterload_copy)
    __scatterload_null                       0x0800526b   Thumb Code     2  handlers.o(i.__scatterload_null)
    __scatterload_zeroinit                   0x0800526d   Thumb Code    14  handlers.o(i.__scatterload_zeroinit)
    __set_errno                              0x0800527d   Thumb Code     6  errno.o(i.__set_errno)
    _is_digit                                0x08005289   Thumb Code    14  scanf_fp.o(i._is_digit)
    atan                                     0x08005297   Thumb Code    16  atan.o(i.atan)
    car_control                              0x080052a9   Thumb Code  1456  core.o(i.car_control)
    fabs                                     0x08005879   Thumb Code    24  fabs.o(i.fabs)
    get_wp_index                             0x08005891   Thumb Code   366  core.o(i.get_wp_index)
    gps_getfieldind                          0x08005a15   Thumb Code    28  gps.o(i.gps_getfieldind)
    gps_init                                 0x08005a31   Thumb Code    96  gps.o(i.gps_init)
    gps_parse                                0x08005aa9   Thumb Code   506  gps.o(i.gps_parse)
    gps_process                              0x08005cc9   Thumb Code   576  gps.o(i.gps_process)
    imu_getfieldind                          0x08005f2d   Thumb Code    36  gps.o(i.imu_getfieldind)
    imu_parse                                0x08005f51   Thumb Code   254  gps.o(i.imu_parse)
    main                                     0x08006095   Thumb Code   250  luanvan3-05vs2.o(i.main)
    main_control                             0x080061c5   Thumb Code     4  core.o(i.main_control)
    receive_data_and_reply                   0x080061c9   Thumb Code   952  connectwithgs.o(i.receive_data_and_reply)
    sqrt                                     0x080065a5   Thumb Code   110  sqrt.o(i.sqrt)
    __mathlib_zero                           0x08006768   Data           8  qnan.o(.constdata)
    __ctype_table                            0x080068c0   Data         129  ctype_o.o(.constdata)
    Region$$Table$$Base                      0x08006948   Number         0  anon$$obj.o(Region$$Table)
    Region$$Table$$Limit                     0x08006968   Number         0  anon$$obj.o(Region$$Table)
    SystemCoreClock                          0x20000000   Data           4  system_stm32f4xx.o(.data)
    AHBPrescTable                            0x20000004   Data          16  system_stm32f4xx.o(.data)
    Time_sample                              0x20000024   Data           4  pid05.o(.data)
    init_width_pulse_CH3                     0x20000028   Data           4  pid05.o(.data)
    index_find_e                             0x2000002c   Data           1  luanvan3-05vs2.o(.data)
    CMD_Trigger                              0x2000002d   Data           1  luanvan3-05vs2.o(.data)
    CMD_Start_frame                          0x2000002e   Data           1  luanvan3-05vs2.o(.data)
    Buf_rx4                                  0x2000002f   Data           1  luanvan3-05vs2.o(.data)
    clk_1microsec                            0x20000030   Data           4  luanvan3-05vs2.o(.data)
    width_pulse_CH3                          0x20000034   Data           4  luanvan3-05vs2.o(.data)
    RunEn                                    0x20000038   Data           1  core.o(.data)
    Kp                                       0x2000003c   Data           4  core.o(.data)
    Ki                                       0x20000040   Data           4  core.o(.data)
    Kd                                       0x20000044   Data           4  core.o(.data)
    steer_angle                              0x20000048   Data           4  core.o(.data)
    SteerAngleCur                            0x2000004c   Data           4  core.o(.data)
    SteerAngleSet                            0x20000050   Data           4  core.o(.data)
    ctrl_angle                               0x20000054   Data           4  core.o(.data)
    ctrl_angle_1                             0x20000058   Data           4  core.o(.data)
    R1                                       0x20000088   Data           4  core.o(.data)
    R2                                       0x2000008c   Data           4  core.o(.data)
    angle_error                              0x20000098   Data           8  core.o(.data)
    xp                                       0x200000a8   Data           8  core.o(.data)
    yp                                       0x200000b0   Data           8  core.o(.data)
    delta_cte                                0x200000b8   Data           8  core.o(.data)
    kp_cte                                   0x20000128   Data           8  core.o(.data)
    ki_cte                                   0x20000130   Data           8  core.o(.data)
    WAYPOINT                                 0x20000138   Data         240  core.o(.data)
    rho                                      0x20000228   Data           8  ll2utm.o(.data)
    v                                        0x20000230   Data           8  ll2utm.o(.data)
    S                                        0x20000238   Data           8  ll2utm.o(.data)
    Long0                                    0x20000240   Data           8  ll2utm.o(.data)
    length_data_IMU_GPS_CMD_tran_GS          0x20000248   Data           1  gps.o(.data)
    tick1ms                                  0x2000024c   Data           4  gps.o(.data)
    GPSReInd                                 0x20000264   Data           4  gps.o(.data)
    GPSWrInd                                 0x20000268   Data           4  gps.o(.data)
    index_receive_enough_data_GS             0x2000026c   Data           1  connectwithgs.o(.data)
    number_byte_respone_to_GS                0x2000026d   Data           1  connectwithgs.o(.data)
    control_path_use_stanley                 0x2000026e   Data           1  connectwithgs.o(.data)
    switch_to_control_flight_use_standley    0x2000026f   Data           1  connectwithgs.o(.data)
    Roll_PID                                 0x20000274   Data          40  pid05.o(.bss)
    Pitch_PID                                0x2000029c   Data          40  pid05.o(.bss)
    Yaw_PID                                  0x200002c4   Data          40  pid05.o(.bss)
    Alt_PID                                  0x200002ec   Data          40  pid05.o(.bss)
    Latitude                                 0x20000314   Data          40  pid05.o(.bss)
    Longitude                                0x2000033c   Data          40  pid05.o(.bss)
    Speed                                    0x20000364   Data          40  pid05.o(.bss)
    Press                                    0x2000038c   Data          40  pid05.o(.bss)
    data_IMU_GPS_CMD_tran_GS                 0x200003b4   Data         500  luanvan3-05vs2.o(.bss)
    Buf_USART2_trandata_to_GS                0x200005a8   Data         500  luanvan3-05vs2.o(.bss)
    data_from_pc                             0x2000079c   Data         250  luanvan3-05vs2.o(.bss)
    T                                        0x20000898   Data          80  ll2utm.o(.bss)
    dLong                                    0x200008e8   Data          24  ll2utm.o(.bss)
    cosLat                                   0x20000900   Data          56  ll2utm.o(.bss)
    e2cosLat                                 0x20000938   Data          24  ll2utm.o(.bss)
    tanLat                                   0x20000950   Data          24  ll2utm.o(.bss)
    GPSStruct                                0x20000990   Data          48  gps.o(.bss)
    IMUStruct                                0x200009c0   Data          24  gps.o(.bss)
    GPSRxBuf                                 0x200009d8   Data        1000  gps.o(.bss)
    GPSString                                0x20000dc0   Data         100  gps.o(.bss)
    gps_speed                                0x20000e24   Data          40  gps.o(.bss)
    data_IMU                                 0x20000e4c   Data          85  gps.o(.bss)
    utm_lat_long_from_GS                     0x20000ea8   Data         224  connectwithgs.o(.bss)
    __initial_sp                             0x20006f88   Data           0  startup_stm32f4xx.o(STACK)



==============================================================================

Memory Map of the image

  Image Entry point : 0x08000189

  Load Region LR_IROM1 (Base: 0x08000000, Size: 0x00006bdc, Max: 0x00100000, ABSOLUTE, COMPRESSED[0x00006998])

    Execution Region ER_IROM1 (Base: 0x08000000, Size: 0x00006968, Max: 0x00100000, ABSOLUTE)

    Base Addr    Size         Type   Attr      Idx    E Section Name        Object

    0x08000000   0x00000188   Data   RO            3    RESET               startup_stm32f4xx.o
    0x08000188   0x00000000   Code   RO         3366  * .ARM.Collect$$$$00000000  mc_w.l(entry.o)
    0x08000188   0x00000004   Code   RO         3455    .ARM.Collect$$$$00000001  mc_w.l(entry2.o)
    0x0800018c   0x00000004   Code   RO         3458    .ARM.Collect$$$$00000004  mc_w.l(entry5.o)
    0x08000190   0x00000000   Code   RO         3460    .ARM.Collect$$$$00000008  mc_w.l(entry7b.o)
    0x08000190   0x00000000   Code   RO         3462    .ARM.Collect$$$$0000000A  mc_w.l(entry8b.o)
    0x08000190   0x00000008   Code   RO         3463    .ARM.Collect$$$$0000000B  mc_w.l(entry9a.o)
    0x08000198   0x00000000   Code   RO         3465    .ARM.Collect$$$$0000000D  mc_w.l(entry10a.o)
    0x08000198   0x00000000   Code   RO         3467    .ARM.Collect$$$$0000000F  mc_w.l(entry11a.o)
    0x08000198   0x00000004   Code   RO         3456    .ARM.Collect$$$$00002712  mc_w.l(entry2.o)
    0x0800019c   0x00000024   Code   RO            4    .text               startup_stm32f4xx.o
    0x080001c0   0x00000018   Code   RO         3369    .text               mc_w.l(strncpy.o)
    0x080001d8   0x00000012   Code   RO         3371    .text               mc_w.l(strcpy.o)
    0x080001ea   0x0000001a   Code   RO         3373    .text               mc_w.l(atoi.o)
    0x08000204   0x0000014e   Code   RO         3375    .text               mf_w.l(dadd.o)
    0x08000352   0x000000e4   Code   RO         3377    .text               mf_w.l(dmul.o)
    0x08000436   0x000000de   Code   RO         3379    .text               mf_w.l(ddiv.o)
    0x08000514   0x00000022   Code   RO         3383    .text               mf_w.l(dflti.o)
    0x08000536   0x0000003e   Code   RO         3385    .text               mf_w.l(dfixi.o)
    0x08000574   0x00000032   Code   RO         3387    .text               mf_w.l(dfixui.o)
    0x080005a6   0x00000026   Code   RO         3389    .text               mf_w.l(f2d.o)
    0x080005cc   0x00000030   Code   RO         3391    .text               mf_w.l(cdcmple.o)
    0x080005fc   0x00000030   Code   RO         3393    .text               mf_w.l(cdrcmple.o)
    0x0800062c   0x00000038   Code   RO         3395    .text               mf_w.l(d2f.o)
    0x08000664   0x0000001e   Code   RO         3469    .text               mc_w.l(llshl.o)
    0x08000682   0x00000020   Code   RO         3471    .text               mc_w.l(llushr.o)
    0x080006a2   0x00000024   Code   RO         3473    .text               mc_w.l(llsshr.o)
    0x080006c6   0x00000002   PAD
    0x080006c8   0x0000009c   Code   RO         3482    .text               mc_w.l(strtod.o)
    0x08000764   0x00000070   Code   RO         3484    .text               mc_w.l(strtol.o)
    0x080007d4   0x00000000   Code   RO         3486    .text               mc_w.l(iusefp.o)
    0x080007d4   0x0000006e   Code   RO         3487    .text               mf_w.l(fepilogue.o)
    0x08000842   0x000000ba   Code   RO         3489    .text               mf_w.l(depilogue.o)
    0x080008fc   0x0000002e   Code   RO         3491    .text               mf_w.l(dscalb.o)
    0x0800092a   0x000000a2   Code   RO         3493    .text               mf_w.l(dsqrt.o)
    0x080009cc   0x00000024   Code   RO         3495    .text               mc_w.l(init.o)
    0x080009f0   0x00000008   Code   RO         3499    .text               mc_w.l(ctype_o.o)
    0x080009f8   0x00000012   Code   RO         3521    .text               mc_w.l(isspace_o.o)
    0x08000a0a   0x00000002   PAD
    0x08000a0c   0x00000338   Code   RO         3527    .text               mc_w.l(scanf_fp.o)
    0x08000d44   0x00000040   Code   RO         3531    .text               mc_w.l(_sgetc.o)
    0x08000d84   0x0000009e   Code   RO         3533    .text               mc_w.l(_strtoul.o)
    0x08000e22   0x0000001a   Code   RO         3535    .text               mf_w.l(dfltui.o)
    0x08000e3c   0x0000001c   Code   RO         3540    .text               mc_w.l(_chval.o)
    0x08000e58   0x00000018   Code   RO         3542    .text               mf_w.l(dfltul.o)
    0x08000e70   0x00000056   Code   RO         3552    .text               mc_w.l(__dczerorl2.o)
    0x08000ec6   0x00000002   PAD
    0x08000ec8   0x000000b8   Code   RO         2416    i.Call_Alt_PID      pid05.o
    0x08000f80   0x000000c8   Code   RO         2417    i.Call_PID_Controller_Angle  pid05.o
    0x08001048   0x00000058   Code   RO         2418    i.Call_Pitch_PID    pid05.o
    0x080010a0   0x00000114   Code   RO         2419    i.Call_Roll_PID     pid05.o
    0x080011b4   0x00000058   Code   RO         2420    i.Call_Yaw_PID      pid05.o
    0x0800120c   0x00000074   Code   RO         2125    i.Configure_PB15_Read_Width_Pulse  peripheral05.o
    0x08001280   0x00000068   Code   RO         2824    i.DMA1_Stream2_IRQHandler  connectwithgs.o
    0x080012e8   0x00000028   Code   RO         2127    i.DMA1_Stream4_IRQHandler  peripheral05.o
    0x08001310   0x00000010   Code   RO         2128    i.DMA1_Stream5_IRQHandler  peripheral05.o
    0x08001320   0x0000002c   Code   RO          277    i.DMA_ClearITPendingBit  stm32f4xx_dma.o
    0x0800134c   0x00000014   Code   RO          278    i.DMA_Cmd           stm32f4xx_dma.o
    0x08001360   0x00000124   Code   RO          279    i.DMA_DeInit        stm32f4xx_dma.o
    0x08001484   0x00000054   Code   RO          288    i.DMA_GetITStatus   stm32f4xx_dma.o
    0x080014d8   0x0000002c   Code   RO          289    i.DMA_ITConfig      stm32f4xx_dma.o
    0x08001504   0x00000054   Code   RO          290    i.DMA_Init          stm32f4xx_dma.o
    0x08001558   0x00000004   Code   RO          293    i.DMA_SetCurrDataCounter  stm32f4xx_dma.o
    0x0800155c   0x00000070   Code   RO         2129    i.DMA_UART4_Configuration  peripheral05.o
    0x080015cc   0x0000006c   Code   RO         2130    i.DMA_UART4_RX      peripheral05.o
    0x08001638   0x00000068   Code   RO         2131    i.DMA_USART2_Config  peripheral05.o
    0x080016a0   0x00000010   Code   RO         2132    i.Delay_100ms       peripheral05.o
    0x080016b0   0x0000004c   Code   RO         2133    i.EXTI15_10_IRQHandler  peripheral05.o
    0x080016fc   0x00000048   Code   RO         2134    i.EXTI2_IRQHandler  peripheral05.o
    0x08001744   0x0000009c   Code   RO         2135    i.EXTI9_5_IRQHandler  peripheral05.o
    0x080017e0   0x0000000c   Code   RO          411    i.EXTI_ClearITPendingBit  stm32f4xx_exti.o
    0x080017ec   0x00000042   Code   RO         2136    i.EXTI_FPGA_Pa8     peripheral05.o
    0x0800182e   0x00000002   PAD
    0x08001830   0x00000020   Code   RO          415    i.EXTI_GetITStatus  stm32f4xx_exti.o
    0x08001850   0x00000070   Code   RO          416    i.EXTI_Init         stm32f4xx_exti.o
    0x080018c0   0x000000a2   Code   RO          673    i.GPIO_Init         stm32f4xx_gpio.o
    0x08001962   0x00000020   Code   RO          674    i.GPIO_PinAFConfig  stm32f4xx_gpio.o
    0x08001982   0x0000000e   Code   RO          677    i.GPIO_ReadInputDataBit  stm32f4xx_gpio.o
    0x08001990   0x00000004   Code   RO          681    i.GPIO_SetBits      stm32f4xx_gpio.o
    0x08001994   0x00000050   Code   RO         2423    i.Gent_Pwm_Roll     pid05.o
    0x080019e4   0x00000028   Code   RO         2138    i.Interrupt_uart4_rx  peripheral05.o
    0x08001a0c   0x00000d98   Code   RO         2712    i.LatLong2UTM       ll2utm.o
    0x080027a4   0x000000ac   Code   RO         2139    i.MyGPIO_Configuration  peripheral05.o
    0x08002850   0x0000004e   Code   RO         2140    i.MyRCC_Configuration  peripheral05.o
    0x0800289e   0x00000002   PAD
    0x080028a0   0x00000104   Code   RO         2141    i.MyTIM_PWM_Configuration  peripheral05.o
    0x080029a4   0x00000028   Code   RO         2142    i.NVIC_Configuration  peripheral05.o
    0x080029cc   0x00000064   Code   RO          150    i.NVIC_Init         misc.o
    0x08002a30   0x00000014   Code   RO          151    i.NVIC_PriorityGroupConfig  misc.o
    0x08002a44   0x000000a4   Code   RO         2425    i.PID_Init          pid05.o
    0x08002ae8   0x00000018   Code   RO          773    i.RCC_AHB1PeriphClockCmd  stm32f4xx_rcc.o
    0x08002b00   0x00000018   Code   RO          775    i.RCC_AHB1PeriphResetCmd  stm32f4xx_rcc.o
    0x08002b18   0x00000018   Code   RO          782    i.RCC_APB1PeriphClockCmd  stm32f4xx_rcc.o
    0x08002b30   0x00000018   Code   RO          785    i.RCC_APB2PeriphClockCmd  stm32f4xx_rcc.o
    0x08002b48   0x00000094   Code   RO          794    i.RCC_GetClocksFreq  stm32f4xx_rcc.o
    0x08002bdc   0x00000030   Code   RO         1967    i.SYSCFG_EXTILineConfig  stm32f4xx_syscfg.o
    0x08002c0c   0x00000020   Code   RO         2753    i.SYSTIM_Timeout    gps.o
    0x08002c2c   0x000000b4   Code   RO           12    i.SetSysClock       system_stm32f4xx.o
    0x08002ce0   0x00000010   Code   RO         2536    i.SysTick_Handler   luanvan3-05vs2.o
    0x08002cf0   0x00000064   Code   RO           14    i.SystemInit        system_stm32f4xx.o
    0x08002d54   0x00000014   Code   RO         1225    i.TIM_ARRPreloadConfig  stm32f4xx_tim.o
    0x08002d68   0x00000014   Code   RO         1237    i.TIM_Cmd           stm32f4xx_tim.o
    0x08002d7c   0x00000060   Code   RO         1266    i.TIM_OC1Init       stm32f4xx_tim.o
    0x08002ddc   0x0000000c   Code   RO         1269    i.TIM_OC1PreloadConfig  stm32f4xx_tim.o
    0x08002de8   0x00000080   Code   RO         1271    i.TIM_OC2Init       stm32f4xx_tim.o
    0x08002e68   0x00000014   Code   RO         1274    i.TIM_OC2PreloadConfig  stm32f4xx_tim.o
    0x08002e7c   0x0000007c   Code   RO         1276    i.TIM_OC3Init       stm32f4xx_tim.o
    0x08002ef8   0x0000000c   Code   RO         1279    i.TIM_OC3PreloadConfig  stm32f4xx_tim.o
    0x08002f04   0x00000060   Code   RO         1281    i.TIM_OC4Init       stm32f4xx_tim.o
    0x08002f64   0x00000014   Code   RO         1283    i.TIM_OC4PreloadConfig  stm32f4xx_tim.o
    0x08002f78   0x0000007c   Code   RO         1309    i.TIM_TimeBaseInit  stm32f4xx_tim.o
    0x08002ff4   0x00000034   Code   RO         2143    i.UART4_Configuration  peripheral05.o
    0x08003028   0x00000034   Code   RO         2144    i.USART2_Configuration  peripheral05.o
    0x0800305c   0x00000014   Code   RO         1777    i.USART_Cmd         stm32f4xx_usart.o
    0x08003070   0x00000010   Code   RO         1778    i.USART_DMACmd      stm32f4xx_usart.o
    0x08003080   0x000000ac   Code   RO         1784    i.USART_Init        stm32f4xx_usart.o
    0x0800312c   0x00000030   Code   RO         3414    i.__ARM_fpclassify  m_wm.l(fpclassify.o)
    0x0800315c   0x00000008   Code   RO         3475    i.__aeabi_errno_addr  mc_w.l(errno.o)
    0x08003164   0x00000004   PAD
    0x08003168   0x000002d8   Code   RO         3212    i.__hardfp_atan     m_wm.l(atan.o)
    0x08003440   0x000001f0   Code   RO         3226    i.__hardfp_atan2    m_wm.l(atan2.o)
    0x08003630   0x00000038   Code   RO         3250    i.__hardfp_atof     m_wm.l(atof.o)
    0x08003668   0x000000c8   Code   RO         3256    i.__hardfp_cos      m_wm.l(cos.o)
    0x08003730   0x00000014   Code   RO         3280    i.__hardfp_fabs     m_wm.l(fabs.o)
    0x08003744   0x00000004   PAD
    0x08003748   0x00000118   Code   RO         3286    i.__hardfp_floor    m_wm.l(floor.o)
    0x08003860   0x00000c50   Code   RO         3292    i.__hardfp_pow      m_wm.l(pow.o)
    0x080044b0   0x000000c8   Code   RO         3306    i.__hardfp_sin      m_wm.l(sin.o)
    0x08004578   0x0000007a   Code   RO         3330    i.__hardfp_sqrt     m_wm.l(sqrt.o)
    0x080045f2   0x00000006   PAD
    0x080045f8   0x00000080   Code   RO         3354    i.__hardfp_tan      m_wm.l(tan.o)
    0x08004678   0x00000438   Code   RO         3435    i.__ieee754_rem_pio2  m_wm.l(rred.o)
    0x08004ab0   0x00000170   Code   RO         3397    i.__kernel_cos      m_wm.l(cos_i.o)
    0x08004c20   0x000000f8   Code   RO         3432    i.__kernel_poly     m_wm.l(poly.o)
    0x08004d18   0x00000130   Code   RO         3443    i.__kernel_sin      m_wm.l(sin_i.o)
    0x08004e48   0x00000350   Code   RO         3449    i.__kernel_tan      m_wm.l(tan_i.o)
    0x08005198   0x00000030   Code   RO         3400    i.__mathlib_dbl_divzero  m_wm.l(dunder.o)
    0x080051c8   0x00000014   Code   RO         3401    i.__mathlib_dbl_infnan  m_wm.l(dunder.o)
    0x080051dc   0x00000014   Code   RO         3402    i.__mathlib_dbl_infnan2  m_wm.l(dunder.o)
    0x080051f0   0x00000020   Code   RO         3403    i.__mathlib_dbl_invalid  m_wm.l(dunder.o)
    0x08005210   0x00000020   Code   RO         3404    i.__mathlib_dbl_overflow  m_wm.l(dunder.o)
    0x08005230   0x00000020   Code   RO         3406    i.__mathlib_dbl_underflow  m_wm.l(dunder.o)
    0x08005250   0x0000000c   Code   RO         3476    i.__read_errno      mc_w.l(errno.o)
    0x0800525c   0x0000000e   Code   RO         3546    i.__scatterload_copy  mc_w.l(handlers.o)
    0x0800526a   0x00000002   Code   RO         3547    i.__scatterload_null  mc_w.l(handlers.o)
    0x0800526c   0x0000000e   Code   RO         3548    i.__scatterload_zeroinit  mc_w.l(handlers.o)
    0x0800527a   0x00000002   PAD
    0x0800527c   0x0000000c   Code   RO         3477    i.__set_errno       mc_w.l(errno.o)
    0x08005288   0x0000000e   Code   RO         3529    i._is_digit         mc_w.l(scanf_fp.o)
    0x08005296   0x00000010   Code   RO         3214    i.atan              m_wm.l(atan.o)
    0x080052a6   0x00000002   PAD
    0x080052a8   0x000005d0   Code   RO         2579    i.car_control       core.o
    0x08005878   0x00000018   Code   RO         3282    i.fabs              m_wm.l(fabs.o)
    0x08005890   0x00000184   Code   RO         2582    i.get_wp_index      core.o
    0x08005a14   0x0000001c   Code   RO         2754    i.gps_getfieldind   gps.o
    0x08005a30   0x00000078   Code   RO         2755    i.gps_init          gps.o
    0x08005aa8   0x00000220   Code   RO         2756    i.gps_parse         gps.o
    0x08005cc8   0x00000264   Code   RO         2757    i.gps_process       gps.o
    0x08005f2c   0x00000024   Code   RO         2758    i.imu_getfieldind   gps.o
    0x08005f50   0x00000144   Code   RO         2759    i.imu_parse         gps.o
    0x08006094   0x00000130   Code   RO         2537    i.main              luanvan3-05vs2.o
    0x080061c4   0x00000004   Code   RO         2583    i.main_control      core.o
    0x080061c8   0x000003dc   Code   RO         2825    i.receive_data_and_reply  connectwithgs.o
    0x080065a4   0x0000006e   Code   RO         3332    i.sqrt              m_wm.l(sqrt.o)
    0x08006612   0x00000006   PAD
    0x08006618   0x00000098   Data   RO         3215    .constdata          m_wm.l(atan.o)
    0x080066b0   0x00000088   Data   RO         3295    .constdata          m_wm.l(pow.o)
    0x08006738   0x00000030   Data   RO         3398    .constdata          m_wm.l(cos_i.o)
    0x08006768   0x00000008   Data   RO         3434    .constdata          m_wm.l(qnan.o)
    0x08006770   0x000000c8   Data   RO         3437    .constdata          m_wm.l(rred.o)
    0x08006838   0x00000028   Data   RO         3444    .constdata          m_wm.l(sin_i.o)
    0x08006860   0x00000060   Data   RO         3450    .constdata          m_wm.l(tan_i.o)
    0x080068c0   0x00000081   Data   RO         3500    .constdata          mc_w.l(ctype_o.o)
    0x08006941   0x00000003   PAD
    0x08006944   0x00000004   Data   RO         3501    .constdata          mc_w.l(ctype_o.o)
    0x08006948   0x00000020   Data   RO         3544    Region$$Table       anon$$obj.o


    Execution Region RW_IRAM1 (Base: 0x20000000, Size: 0x00006f88, Max: 0x00020000, ABSOLUTE, COMPRESSED[0x00000030])

    Base Addr    Size         Type   Attr      Idx    E Section Name        Object

    0x20000000   0x00000014   Data   RW           15    .data               system_stm32f4xx.o
    0x20000014   0x00000010   Data   RW          817    .data               stm32f4xx_rcc.o
    0x20000024   0x00000008   Data   RW         2430    .data               pid05.o
    0x2000002c   0x00000008   Data   RW         2540    .data               luanvan3-05vs2.o
    0x20000034   0x00000004   Data   RW         2542    .data               luanvan3-05vs2.o
    0x20000038   0x000001f0   Data   RW         2592    .data               core.o
    0x20000228   0x00000020   Data   RW         2729    .data               ll2utm.o
    0x20000248   0x00000024   Data   RW         2762    .data               gps.o
    0x2000026c   0x00000004   Data   RW         2827    .data               connectwithgs.o
    0x20000270   0x00000004   Data   RW         3478    .data               mc_w.l(errno.o)
    0x20000274   0x00000140   Zero   RW         2429    .bss                pid05.o
    0x200003b4   0x000001f4   Zero   RW         2538    .bss                luanvan3-05vs2.o
    0x200005a8   0x000002ee   Zero   RW         2539    .bss                luanvan3-05vs2.o
    0x20000896   0x00000002   PAD
    0x20000898   0x000000d0   Zero   RW         2714    .bss                ll2utm.o
    0x20000968   0x00000539   Zero   RW         2760    .bss                gps.o
    0x20000ea1   0x00000007   PAD
    0x20000ea8   0x000000e0   Zero   RW         2826    .bss                connectwithgs.o
    0x20000f88   0x00006000   Zero   RW            1    STACK               startup_stm32f4xx.o


==============================================================================

Image component sizes


      Code (inc. data)   RO Data    RW Data    ZI Data      Debug   Object Name

      1092         72          0          4        224       4484   connectwithgs.o
      1880        160          0        496          0       6427   core.o
      1696        172          0         36       1337       7953   gps.o
      3480        600          0         32        208       3152   ll2utm.o
       320         60          0         12       1250      29242   luanvan3-05vs2.o
       120         14          0          0          0      16343   misc.o
      1576        128          0          0          0     273391   peripheral05.o
      1080        192          0          8        320       8351   pid05.o
        36          8        392          0      24576        932   startup_stm32f4xx.o
       572         52          0          0          0      19208   stm32f4xx_dma.o
       156         14          0          0          0       4916   stm32f4xx_exti.o
       212          0          0          0          0       9730   stm32f4xx_gpio.o
       244         40          0         16          0      18508   stm32f4xx_rcc.o
        48          6          0          0          0        744   stm32f4xx_syscfg.o
       672         60          0          0          0      29295   stm32f4xx_tim.o
       208          8          0          0          0       9028   stm32f4xx_usart.o
       280         36          0         20          0     214009   system_stm32f4xx.o

    ----------------------------------------------------------------------
     13676       1622        424        624      27924     655713   Object Totals
         0          0         32          0          0          0   (incl. Generated)
         4          0          0          0          9          0   (incl. Padding)

    ----------------------------------------------------------------------

      Code (inc. data)   RO Data    RW Data    ZI Data      Debug   Library Member Name

       744        106        152          0          0        352   atan.o
       496         64          0          0          0        192   atan2.o
        56         12          0          0          0        132   atof.o
       200         20          0          0          0        164   cos.o
       368         46         48          0          0        200   cos_i.o
       184         44          0          0          0        744   dunder.o
        44          0          0          0          0        248   fabs.o
       280         28          0          0          0        156   floor.o
        48          0          0          0          0        124   fpclassify.o
       248          0          0          0          0        152   poly.o
      3152        296        136          0          0        352   pow.o
         0          0          8          0          0          0   qnan.o
      1080        142        200          0          0        188   rred.o
       200         20          0          0          0        164   sin.o
       304         24         40          0          0        208   sin_i.o
       232          0          0          0          0        296   sqrt.o
       128         20          0          0          0        144   tan.o
       848         84         96          0          0        196   tan_i.o
        86          0          0          0          0          0   __dczerorl2.o
        28          0          0          0          0         68   _chval.o
        64          0          0          0          0         84   _sgetc.o
       158          0          0          0          0         92   _strtoul.o
        26          0          0          0          0         80   atoi.o
         8          4        133          0          0         68   ctype_o.o
         0          0          0          0          0          0   entry.o
         0          0          0          0          0          0   entry10a.o
         0          0          0          0          0          0   entry11a.o
         8          4          0          0          0          0   entry2.o
         4          0          0          0          0          0   entry5.o
         0          0          0          0          0          0   entry7b.o
         0          0          0          0          0          0   entry8b.o
         8          4          0          0          0          0   entry9a.o
        32         16          0          4          0        204   errno.o
        30          0          0          0          0          0   handlers.o
        36          8          0          0          0         68   init.o
        18          0          0          0          0         76   isspace_o.o
         0          0          0          0          0          0   iusefp.o
        30          0          0          0          0         68   llshl.o
        36          0          0          0          0         68   llsshr.o
        32          0          0          0          0         68   llushr.o
       838         12          0          0          0        216   scanf_fp.o
        18          0          0          0          0         68   strcpy.o
        24          0          0          0          0         76   strncpy.o
       156         12          0          0          0        120   strtod.o
       112          0          0          0          0         88   strtol.o
        48          0          0          0          0         68   cdcmple.o
        48          0          0          0          0         68   cdrcmple.o
        56          0          0          0          0         88   d2f.o
       334          0          0          0          0        148   dadd.o
       222          0          0          0          0        100   ddiv.o
       186          0          0          0          0        176   depilogue.o
        62          0          0          0          0         80   dfixi.o
        50          0          0          0          0         76   dfixui.o
        34          0          0          0          0         76   dflti.o
        26          0          0          0          0         76   dfltui.o
        24          0          0          0          0         76   dfltul.o
       228          0          0          0          0         96   dmul.o
        46          0          0          0          0         80   dscalb.o
       162          0          0          0          0        100   dsqrt.o
        38          0          0          0          0         68   f2d.o
       110          0          0          0          0        168   fepilogue.o

    ----------------------------------------------------------------------
     12068        970        816          4          0       7068   Library Totals
        30          4          3          0          0          0   (incl. Padding)

    ----------------------------------------------------------------------

      Code (inc. data)   RO Data    RW Data    ZI Data      Debug   Library Name

      8612        906        680          0          0       4012   m_wm.l
      1752         60        133          4          0       1512   mc_w.l
      1674          0          0          0          0       1544   mf_w.l

    ----------------------------------------------------------------------
     12068        970        816          4          0       7068   Library Totals

    ----------------------------------------------------------------------

==============================================================================


      Code (inc. data)   RO Data    RW Data    ZI Data      Debug   

     25744       2592       1240        628      27924     652053   Grand Totals
     25744       2592       1240         48      27924     652053   ELF Image Totals (compressed)
     25744       2592       1240         48          0          0   ROM Totals

==============================================================================

    Total RO  Size (Code + RO Data)                26984 (  26.35kB)
    Total RW  Size (RW Data + ZI Data)             28552 (  27.88kB)
    Total ROM Size (Code + RO Data + RW Data)      27032 (  26.40kB)

==============================================================================

